Copyright 1986-2022 Xilinx, Inc. All Rights Reserved. Copyright 2022-2023 Advanced Micro Devices, Inc. All Rights Reserved.
-----------------------------------------------------------------------------------------------------------------------------------------------------------------------------------------------------------
| Tool Version : Vivado v.2023.2 (win64) Build 4029153 Fri Oct 13 20:14:34 MDT 2023
| Date         : Sat Jul 11 12:49:32 2026
| Host         : LAPTOP-6CG4KN49 running 64-bit major release  (build 9200)
| Command      : report_cdc -details -file E:/Resources/03_competitions/26_03_jcs/2607round/superScalar/fpga/build/digital_twin_srcWithMext/exported_reports/commit_66454dd_100mhz_routed_20260711/cdc.rpt
| Design       : top
| Device       : 7k325t-ffg900
| Speed File   : -2  PRODUCTION 1.12 2017-02-17
| Design State : Routed
-----------------------------------------------------------------------------------------------------------------------------------------------------------------------------------------------------------

CDC Report

ID      Severity  Count  Description
------  --------  -----  --------------------------------------------------
CDC-3   Info          2  1-bit synchronized with ASYNC_REG property
CDC-6   Warning       4  Multi-bit synchronized with ASYNC_REG property
CDC-10  Critical     31  Combinational logic detected before a synchronizer

Source Clock: clk_out2_pll
Destination Clock: clk_out1_pll
CDC Type: User Ignored

Row  ID     Severity  Description                                     Depth  Exception            Source (From)                                        Destination (To)
---  -----  --------  ----------------------------------------------  -----  -------------------  ---------------------------------------------------  ----------------------------------------------------------------
  1  CDC-3  Info      1-bit synchronized with ASYNC_REG property          2  Asynch Clock Groups  student_top_inst/mem_bridge/cnt_enable_cfg_q_reg/C   student_top_inst/mem_bridge/counter_inst/cnt_enable_cnt_d1_reg/D
  2  CDC-6  Warning   Multi-bit synchronized with ASYNC_REG property      2  Asynch Clock Groups  student_top_inst/mem_bridge/seg_wdata_q_reg[31:0]/C  student_top_inst/mem_bridge/seg_wdata_cnt_d1_reg[31:0]/D
  3  CDC-6  Warning   Multi-bit synchronized with ASYNC_REG property      2  Asynch Clock Groups  student_top_inst/mem_bridge/led_q_reg[31:0]/C        virtual_led_50_d1_reg[31:0]/D

Source Clock: clk_out1_pll
Destination Clock: clk_out2_pll
CDC Type: User Ignored

Row  ID      Severity  Description                                         Depth  Exception            Source (From)                                                  Destination (To)
---  ------  --------  --------------------------------------------------  -----  -------------------  -------------------------------------------------------------  ------------------------------------------------------------------
  1  CDC-10  Critical  Combinational logic detected before a synchronizer      2  Asynch Clock Groups  student_top_inst/mem_bridge/counter_inst/cnt_ms_bin_reg[0]/C   student_top_inst/mem_bridge/counter_inst/cnt_gray_cpu_d1_reg[0]/D
  2  CDC-10  Critical  Combinational logic detected before a synchronizer      2  Asynch Clock Groups  student_top_inst/mem_bridge/counter_inst/cnt_ms_bin_reg[1]/C   student_top_inst/mem_bridge/counter_inst/cnt_gray_cpu_d1_reg[1]/D
  3  CDC-10  Critical  Combinational logic detected before a synchronizer      2  Asynch Clock Groups  student_top_inst/mem_bridge/counter_inst/cnt_ms_bin_reg[2]/C   student_top_inst/mem_bridge/counter_inst/cnt_gray_cpu_d1_reg[2]/D
  4  CDC-10  Critical  Combinational logic detected before a synchronizer      2  Asynch Clock Groups  student_top_inst/mem_bridge/counter_inst/cnt_ms_bin_reg[3]/C   student_top_inst/mem_bridge/counter_inst/cnt_gray_cpu_d1_reg[3]/D
  5  CDC-10  Critical  Combinational logic detected before a synchronizer      2  Asynch Clock Groups  student_top_inst/mem_bridge/counter_inst/cnt_ms_bin_reg[4]/C   student_top_inst/mem_bridge/counter_inst/cnt_gray_cpu_d1_reg[4]/D
  6  CDC-10  Critical  Combinational logic detected before a synchronizer      2  Asynch Clock Groups  student_top_inst/mem_bridge/counter_inst/cnt_ms_bin_reg[5]/C   student_top_inst/mem_bridge/counter_inst/cnt_gray_cpu_d1_reg[5]/D
  7  CDC-10  Critical  Combinational logic detected before a synchronizer      2  Asynch Clock Groups  student_top_inst/mem_bridge/counter_inst/cnt_ms_bin_reg[6]/C   student_top_inst/mem_bridge/counter_inst/cnt_gray_cpu_d1_reg[6]/D
  8  CDC-10  Critical  Combinational logic detected before a synchronizer      2  Asynch Clock Groups  student_top_inst/mem_bridge/counter_inst/cnt_ms_bin_reg[7]/C   student_top_inst/mem_bridge/counter_inst/cnt_gray_cpu_d1_reg[7]/D
  9  CDC-10  Critical  Combinational logic detected before a synchronizer      2  Asynch Clock Groups  student_top_inst/mem_bridge/counter_inst/cnt_ms_bin_reg[8]/C   student_top_inst/mem_bridge/counter_inst/cnt_gray_cpu_d1_reg[8]/D
 10  CDC-10  Critical  Combinational logic detected before a synchronizer      2  Asynch Clock Groups  student_top_inst/mem_bridge/counter_inst/cnt_ms_bin_reg[9]/C   student_top_inst/mem_bridge/counter_inst/cnt_gray_cpu_d1_reg[9]/D
 11  CDC-10  Critical  Combinational logic detected before a synchronizer      2  Asynch Clock Groups  student_top_inst/mem_bridge/counter_inst/cnt_ms_bin_reg[10]/C  student_top_inst/mem_bridge/counter_inst/cnt_gray_cpu_d1_reg[10]/D
 12  CDC-10  Critical  Combinational logic detected before a synchronizer      2  Asynch Clock Groups  student_top_inst/mem_bridge/counter_inst/cnt_ms_bin_reg[11]/C  student_top_inst/mem_bridge/counter_inst/cnt_gray_cpu_d1_reg[11]/D
 13  CDC-10  Critical  Combinational logic detected before a synchronizer      2  Asynch Clock Groups  student_top_inst/mem_bridge/counter_inst/cnt_ms_bin_reg[12]/C  student_top_inst/mem_bridge/counter_inst/cnt_gray_cpu_d1_reg[12]/D
 14  CDC-10  Critical  Combinational logic detected before a synchronizer      2  Asynch Clock Groups  student_top_inst/mem_bridge/counter_inst/cnt_ms_bin_reg[13]/C  student_top_inst/mem_bridge/counter_inst/cnt_gray_cpu_d1_reg[13]/D
 15  CDC-10  Critical  Combinational logic detected before a synchronizer      2  Asynch Clock Groups  student_top_inst/mem_bridge/counter_inst/cnt_ms_bin_reg[14]/C  student_top_inst/mem_bridge/counter_inst/cnt_gray_cpu_d1_reg[14]/D
 16  CDC-10  Critical  Combinational logic detected before a synchronizer      2  Asynch Clock Groups  student_top_inst/mem_bridge/counter_inst/cnt_ms_bin_reg[15]/C  student_top_inst/mem_bridge/counter_inst/cnt_gray_cpu_d1_reg[15]/D
 17  CDC-10  Critical  Combinational logic detected before a synchronizer      2  Asynch Clock Groups  student_top_inst/mem_bridge/counter_inst/cnt_ms_bin_reg[16]/C  student_top_inst/mem_bridge/counter_inst/cnt_gray_cpu_d1_reg[16]/D
 18  CDC-10  Critical  Combinational logic detected before a synchronizer      2  Asynch Clock Groups  student_top_inst/mem_bridge/counter_inst/cnt_ms_bin_reg[17]/C  student_top_inst/mem_bridge/counter_inst/cnt_gray_cpu_d1_reg[17]/D
 19  CDC-10  Critical  Combinational logic detected before a synchronizer      2  Asynch Clock Groups  student_top_inst/mem_bridge/counter_inst/cnt_ms_bin_reg[18]/C  student_top_inst/mem_bridge/counter_inst/cnt_gray_cpu_d1_reg[18]/D
 20  CDC-10  Critical  Combinational logic detected before a synchronizer      2  Asynch Clock Groups  student_top_inst/mem_bridge/counter_inst/cnt_ms_bin_reg[19]/C  student_top_inst/mem_bridge/counter_inst/cnt_gray_cpu_d1_reg[19]/D
 21  CDC-10  Critical  Combinational logic detected before a synchronizer      2  Asynch Clock Groups  student_top_inst/mem_bridge/counter_inst/cnt_ms_bin_reg[20]/C  student_top_inst/mem_bridge/counter_inst/cnt_gray_cpu_d1_reg[20]/D
 22  CDC-10  Critical  Combinational logic detected before a synchronizer      2  Asynch Clock Groups  student_top_inst/mem_bridge/counter_inst/cnt_ms_bin_reg[21]/C  student_top_inst/mem_bridge/counter_inst/cnt_gray_cpu_d1_reg[21]/D
 23  CDC-10  Critical  Combinational logic detected before a synchronizer      2  Asynch Clock Groups  student_top_inst/mem_bridge/counter_inst/cnt_ms_bin_reg[22]/C  student_top_inst/mem_bridge/counter_inst/cnt_gray_cpu_d1_reg[22]/D
 24  CDC-10  Critical  Combinational logic detected before a synchronizer      2  Asynch Clock Groups  student_top_inst/mem_bridge/counter_inst/cnt_ms_bin_reg[23]/C  student_top_inst/mem_bridge/counter_inst/cnt_gray_cpu_d1_reg[23]/D
 25  CDC-10  Critical  Combinational logic detected before a synchronizer      2  Asynch Clock Groups  student_top_inst/mem_bridge/counter_inst/cnt_ms_bin_reg[24]/C  student_top_inst/mem_bridge/counter_inst/cnt_gray_cpu_d1_reg[24]/D
 26  CDC-10  Critical  Combinational logic detected before a synchronizer      2  Asynch Clock Groups  student_top_inst/mem_bridge/counter_inst/cnt_ms_bin_reg[25]/C  student_top_inst/mem_bridge/counter_inst/cnt_gray_cpu_d1_reg[25]/D
 27  CDC-10  Critical  Combinational logic detected before a synchronizer      2  Asynch Clock Groups  student_top_inst/mem_bridge/counter_inst/cnt_ms_bin_reg[26]/C  student_top_inst/mem_bridge/counter_inst/cnt_gray_cpu_d1_reg[26]/D
 28  CDC-10  Critical  Combinational logic detected before a synchronizer      2  Asynch Clock Groups  student_top_inst/mem_bridge/counter_inst/cnt_ms_bin_reg[27]/C  student_top_inst/mem_bridge/counter_inst/cnt_gray_cpu_d1_reg[27]/D
 29  CDC-10  Critical  Combinational logic detected before a synchronizer      2  Asynch Clock Groups  student_top_inst/mem_bridge/counter_inst/cnt_ms_bin_reg[28]/C  student_top_inst/mem_bridge/counter_inst/cnt_gray_cpu_d1_reg[28]/D
 30  CDC-10  Critical  Combinational logic detected before a synchronizer      2  Asynch Clock Groups  student_top_inst/mem_bridge/counter_inst/cnt_ms_bin_reg[29]/C  student_top_inst/mem_bridge/counter_inst/cnt_gray_cpu_d1_reg[29]/D
 31  CDC-10  Critical  Combinational logic detected before a synchronizer      2  Asynch Clock Groups  student_top_inst/mem_bridge/counter_inst/cnt_ms_bin_reg[30]/C  student_top_inst/mem_bridge/counter_inst/cnt_gray_cpu_d1_reg[30]/D
 32  CDC-3   Info      1-bit synchronized with ASYNC_REG property              2  Asynch Clock Groups  student_top_inst/mem_bridge/counter_inst/cnt_ms_bin_reg[31]/C  student_top_inst/mem_bridge/counter_inst/cnt_gray_cpu_d1_reg[31]/D
 33  CDC-6   Warning   Multi-bit synchronized with ASYNC_REG property          2  Asynch Clock Groups  twin_controller_inst/key_reg[7:0]/C                            student_top_inst/virtual_key_cpu_d1_reg[7:0]/D
 34  CDC-6   Warning   Multi-bit synchronized with ASYNC_REG property          2  Asynch Clock Groups  twin_controller_inst/sw_reg[63:0]/C                            student_top_inst/virtual_sw_cpu_d1_reg[63:0]/D

