Copyright 1986-2022 Xilinx, Inc. All Rights Reserved. Copyright 2022-2023 Advanced Micro Devices, Inc. All Rights Reserved.
-------------------------------------------------------------------------------------------------------------------------------------------------------------------------------------------------------------
| Tool Version : Vivado v.2023.2 (win64) Build 4029153 Fri Oct 13 20:14:34 MDT 2023
| Date         : Sat Jul 11 19:36:22 2026
| Host         : LAPTOP-6CG4KN49 running 64-bit major release  (build 9200)
| Command      : report_clocks -file E:/Resources/03_competitions/26_03_jcs/2607round/superScalar/fpga/build/digital_twin_srcWithMext/exported_reports/commit_4762e00314f7_100mhz_routed_20260711/clocks.rpt
| Design       : top
| Device       : 7k325t-ffg900
| Speed File   : -2  PRODUCTION 1.12 2017-02-17
| Design State : Routed
-------------------------------------------------------------------------------------------------------------------------------------------------------------------------------------------------------------

Clock Report


Attributes
  P: Propagated
  G: Generated
  A: Auto-derived
  R: Renamed
  V: Virtual
  I: Inverted
  S: Pin phase-shifted with Latency mode

Clock         Period(ns)  Waveform(ns)    Attributes  Sources
i_sys_clk_p   5.000       {0.000 2.500}   P           {i_sys_clk_p}
clk_out1_pll  20.000      {0.000 10.000}  P,G,A       {pll_inst/inst/mmcm_adv_inst/CLKOUT0}
clk_out2_pll  10.000      {0.000 5.000}   P,G,A       {pll_inst/inst/mmcm_adv_inst/CLKOUT1}
clkfbout_pll  5.000       {0.000 2.500}   P,G,A       {pll_inst/inst/mmcm_adv_inst/CLKFBOUT}


====================================================
Generated Clocks
====================================================

Generated Clock     : clk_out1_pll
Master Source       : pll_inst/inst/mmcm_adv_inst/CLKIN1
Master Clock        : i_sys_clk_p
Edges               : {1 2 3}
Edge Shifts(ns)     : {0.000 7.500 15.000}
Generated Sources   : {pll_inst/inst/mmcm_adv_inst/CLKOUT0}

Generated Clock     : clk_out2_pll
Master Source       : pll_inst/inst/mmcm_adv_inst/CLKIN1
Master Clock        : i_sys_clk_p
Edges               : {1 2 3}
Edge Shifts(ns)     : {0.000 2.500 5.000}
Generated Sources   : {pll_inst/inst/mmcm_adv_inst/CLKOUT1}

Generated Clock     : clkfbout_pll
Master Source       : pll_inst/inst/mmcm_adv_inst/CLKIN1
Master Clock        : i_sys_clk_p
Multiply By         : 1
Generated Sources   : {pll_inst/inst/mmcm_adv_inst/CLKFBOUT}



====================================================
User Uncertainty
====================================================



====================================================
User Jitter
====================================================

Clock        Jitter(ns)
i_sys_clk_p  0.050

