Copyright 1986-2022 Xilinx, Inc. All Rights Reserved. Copyright 2022-2023 Advanced Micro Devices, Inc. All Rights Reserved.
----------------------------------------------------------------------------------------------------------------------------------------------------------------------------------------------------------------------------------------------
| Tool Version : Vivado v.2023.2 (win64) Build 4029153 Fri Oct 13 20:14:34 MDT 2023
| Date         : Sat Jul 11 23:25:03 2026
| Host         : LAPTOP-6CG4KN49 running 64-bit major release  (build 9200)
| Command      : report_design_analysis -timing -file E:/Resources/03_competitions/26_03_jcs/2607round/superScalar/fpga/build/digital_twin_srcWithMext/exported_reports/commit_c24d8588372f_100mhz_routed_20260711/design_analysis_timing.rpt
| Design       : top
| Device       : xc7k325t
| Design State : Routed
----------------------------------------------------------------------------------------------------------------------------------------------------------------------------------------------------------------------------------------------

Report Design Analysis

Table of Contents
-----------------
1. Setup Path Characteristics 1-1

1. Setup Path Characteristics 1-1
---------------------------------

+---------------------------+------------------------------------------------------------------------------------------------------------------------------------------------------------------------------------------------------------------------------------------------------------------------------------------------------------------------------------------------------+
|      Characteristics      |                                                                                                                                                                        Path #1                                                                                                                                                                       |
+---------------------------+------------------------------------------------------------------------------------------------------------------------------------------------------------------------------------------------------------------------------------------------------------------------------------------------------------------------------------------------------+
| Requirement               | 10.000                                                                                                                                                                                                                                                                                                                                               |
| Path Delay                | 12.567                                                                                                                                                                                                                                                                                                                                               |
| Logic Delay               | 2.186(18%)                                                                                                                                                                                                                                                                                                                                           |
| Net Delay                 | 10.381(82%)                                                                                                                                                                                                                                                                                                                                          |
| Clock Skew                | -0.268                                                                                                                                                                                                                                                                                                                                               |
| Slack                     | -2.868                                                                                                                                                                                                                                                                                                                                               |
| Clock Uncertainty         | 0.066                                                                                                                                                                                                                                                                                                                                                |
| Clock Relationship        | Safely Timed                                                                                                                                                                                                                                                                                                                                         |
| Clock Delay Group         | Same Clock                                                                                                                                                                                                                                                                                                                                           |
| Logic Levels              | 35                                                                                                                                                                                                                                                                                                                                                   |
| Routes                    | 32                                                                                                                                                                                                                                                                                                                                                   |
| Logical Path              | FDCE/C-(75)-LUT2-(7)-LUT6-(164)-LUT5-(1066)-LUT2-(836)-LUT6-(1)-LUT5-(4)-LUT6-(92)-LUT6-(19)-LUT4-(100)-LUT3-(107)-LUT4-(1)-LUT5-(1)-LUT6-(1)-LUT6-(1)-LUT5-(1)-LUT6-(521)-LUT6-(1)-MUXF7-MUXF8-LUT6-(1)-LUT5-(1)-LUT5-(3)-LUT4-(5)-LUT3-(3)-LUT6-(2)-CARRY4-(1)-CARRY4-LUT4-(1)-LUT5-(1)-MUXF7-LUT5-(1)-LUT3-(2)-LUT6-(4)-LUT6-(18)-LUT5-(1)-FDRE/D |
| Start Point Clock         | clk_out2_pll                                                                                                                                                                                                                                                                                                                                         |
| End Point Clock           | clk_out2_pll                                                                                                                                                                                                                                                                                                                                         |
| DSP Block                 | None                                                                                                                                                                                                                                                                                                                                                 |
| RAM Registers             | None-None                                                                                                                                                                                                                                                                                                                                            |
| IO Crossings              | 0                                                                                                                                                                                                                                                                                                                                                    |
| Config Crossings          | 0                                                                                                                                                                                                                                                                                                                                                    |
| SLR Crossings             | 0                                                                                                                                                                                                                                                                                                                                                    |
| PBlocks                   | 0                                                                                                                                                                                                                                                                                                                                                    |
| High Fanout               | 1066                                                                                                                                                                                                                                                                                                                                                 |
| Dont Touch                | 0                                                                                                                                                                                                                                                                                                                                                    |
| Mark Debug                | 0                                                                                                                                                                                                                                                                                                                                                    |
| Start Point Pin Primitive | FDCE/C                                                                                                                                                                                                                                                                                                                                               |
| End Point Pin Primitive   | FDRE/D                                                                                                                                                                                                                                                                                                                                               |
| Start Point Pin           | retire_stage_valid_q_reg[1]/C                                                                                                                                                                                                                                                                                                                        |
| End Point Pin             | wb_exception_cause_q_reg[2][0]/D                                                                                                                                                                                                                                                                                                                     |
+---------------------------+------------------------------------------------------------------------------------------------------------------------------------------------------------------------------------------------------------------------------------------------------------------------------------------------------------------------------------------------------+
* Bounding box calculated as % of dimensions for the target device (396, 700)


