Copyright 1986-2022 Xilinx, Inc. All Rights Reserved. Copyright 2022-2023 Advanced Micro Devices, Inc. All Rights Reserved.
----------------------------------------------------------------------------------------------------------------------------------------------------------------------------------------------------------------------------------------------
| Tool Version : Vivado v.2023.2 (win64) Build 4029153 Fri Oct 13 20:14:34 MDT 2023
| Date         : Sat Jul 11 19:39:47 2026
| Host         : LAPTOP-6CG4KN49 running 64-bit major release  (build 9200)
| Command      : report_design_analysis -timing -file E:/Resources/03_competitions/26_03_jcs/2607round/superScalar/fpga/build/digital_twin_srcWithMext/exported_reports/commit_4762e00314f7_100mhz_routed_20260711/design_analysis_timing.rpt
| Design       : top
| Device       : xc7k325t
| Design State : Routed
----------------------------------------------------------------------------------------------------------------------------------------------------------------------------------------------------------------------------------------------

Report Design Analysis

Table of Contents
-----------------
1. Setup Path Characteristics 1-1

1. Setup Path Characteristics 1-1
---------------------------------

+---------------------------+---------------------------------------------------------------------------------------------------------------------------------------------------------------------------------------------------------------------------------------------------------------------------------------------------------+
|      Characteristics      |                                                                                                                                                 Path #1                                                                                                                                                 |
+---------------------------+---------------------------------------------------------------------------------------------------------------------------------------------------------------------------------------------------------------------------------------------------------------------------------------------------------+
| Requirement               | 10.000                                                                                                                                                                                                                                                                                                  |
| Path Delay                | 14.037                                                                                                                                                                                                                                                                                                  |
| Logic Delay               | 1.976(15%)                                                                                                                                                                                                                                                                                              |
| Net Delay                 | 12.061(85%)                                                                                                                                                                                                                                                                                             |
| Clock Skew                | -0.213                                                                                                                                                                                                                                                                                                  |
| Slack                     | -4.495                                                                                                                                                                                                                                                                                                  |
| Clock Uncertainty         | 0.066                                                                                                                                                                                                                                                                                                   |
| Clock Relationship        | Safely Timed                                                                                                                                                                                                                                                                                            |
| Clock Delay Group         | Same Clock                                                                                                                                                                                                                                                                                              |
| Logic Levels              | 30                                                                                                                                                                                                                                                                                                      |
| Routes                    | 30                                                                                                                                                                                                                                                                                                      |
| Logical Path              | FDRE/C-(93)-LUT6-(1)-LUT6-(2)-LUT5-(3)-LUT6-(6)-LUT5-(4)-LUT4-(17)-LUT6-(1)-LUT6-(1)-LUT5-(1)-LUT6-(1)-LUT6-(128)-MUXF8-(1)-LUT6-(5)-LUT4-(1)-LUT6-(120)-LUT4-(1)-CARRY4-(1)-CARRY4-CARRY4-CARRY4-LUT2-(2)-LUT6-(1)-LUT6-(1)-LUT4-(1)-LUT4-(3)-LUT5-(5)-LUT6-(50)-LUT2-(114)-LUT6-(1)-LUT6-(32)-FDRE/CE |
| Start Point Clock         | clk_out2_pll                                                                                                                                                                                                                                                                                            |
| End Point Clock           | clk_out2_pll                                                                                                                                                                                                                                                                                            |
| DSP Block                 | None                                                                                                                                                                                                                                                                                                    |
| RAM Registers             | None-None                                                                                                                                                                                                                                                                                               |
| IO Crossings              | 0                                                                                                                                                                                                                                                                                                       |
| Config Crossings          | 0                                                                                                                                                                                                                                                                                                       |
| SLR Crossings             | 0                                                                                                                                                                                                                                                                                                       |
| PBlocks                   | 0                                                                                                                                                                                                                                                                                                       |
| High Fanout               | 128                                                                                                                                                                                                                                                                                                     |
| Dont Touch                | 0                                                                                                                                                                                                                                                                                                       |
| Mark Debug                | 0                                                                                                                                                                                                                                                                                                       |
| Start Point Pin Primitive | FDRE/C                                                                                                                                                                                                                                                                                                  |
| End Point Pin Primitive   | FDRE/CE                                                                                                                                                                                                                                                                                                 |
| Start Point Pin           | complete_prd_reg[1][0]/C                                                                                                                                                                                                                                                                                |
| End Point Pin             | regs_q_reg[27][14]/CE                                                                                                                                                                                                                                                                                   |
+---------------------------+---------------------------------------------------------------------------------------------------------------------------------------------------------------------------------------------------------------------------------------------------------------------------------------------------------+
* Bounding box calculated as % of dimensions for the target device (396, 700)


