Copyright 1986-2022 Xilinx, Inc. All Rights Reserved. Copyright 2022-2023 Advanced Micro Devices, Inc. All Rights Reserved.
-----------------------------------------------------------------------------------------------------------------------------------------------------------------------------------------------------------------------------------------------------------------------------
| Tool Version : Vivado v.2023.2 (win64) Build 4029153 Fri Oct 13 20:14:34 MDT 2023
| Date         : Sat Jul 11 23:30:31 2026
| Host         : LAPTOP-6CG4KN49 running 64-bit major release  (build 9200)
| Command      : report_design_analysis -complexity -hierarchical_depth 12 -file E:/Resources/03_competitions/26_03_jcs/2607round/superScalar/fpga/build/digital_twin_srcWithMext/exported_reports/commit_c24d8588372f_100mhz_routed_20260711/design_analysis_complexity.rpt
| Design       : top
| Device       : xc7k325t
| Design State : Routed
-----------------------------------------------------------------------------------------------------------------------------------------------------------------------------------------------------------------------------------------------------------------------------

Report Design Analysis

Table of Contents
-----------------
1. Complexity Characteristics (Cells)

1. Complexity Characteristics (Cells)
-------------------------------------

+---------+------+----------------+-----------------+-----------+---------+------------+-----------+------------+-------------+--------------+------------+-----+------+------+------+--------------------------------------------------+
|  Module | Rent | Average Fanout | Total Instances | Registers |   LUT1  |    LUT2    |    LUT3   |    LUT4    |     LUT5    |     LUT6     | Memory LUT | DSP | RAMB | MUXF | URAM |                 Hierarchical Name                |
+---------+------+----------------+-----------------+-----------+---------+------------+-----------+------------+-------------+--------------+------------+-----+------+------+------+--------------------------------------------------+
| CoreROB | 0.74 |           3.30 |           34517 |      9396 | 0(0.0%) | 1389(6.1%) | 886(3.9%) | 2235(9.8%) | 2520(11.0%) | 15891(69.3%) |          0 |   0 |    0 | 2198 |    0 | student_top_inst/Core_cpu/u_core/u_backend/u_rob |
+---------+------+----------------+-----------------+-----------+---------+------------+-----------+------------+-------------+--------------+------------+-----+------+------+------+--------------------------------------------------+
* Complexity Ranges 
** 0.0 - 0.3 -> Very Low, 0.3 - 0.5 -> low, 0.5 - 0.65 -> normal,  0.65 - 0.85 -> high, 0.85 - 1.0 -> very high


