Copyright 1986-2022 Xilinx, Inc. All Rights Reserved. Copyright 2022-2023 Advanced Micro Devices, Inc. All Rights Reserved.
-------------------------------------------------------------------------------------------------------------------------------------------------------------------------------------------------------------------------------------------------------
| Tool Version : Vivado v.2023.2 (win64) Build 4029153 Fri Oct 13 20:14:34 MDT 2023
| Date         : Sat Jul 11 19:38:11 2026
| Host         : LAPTOP-6CG4KN49 running 64-bit major release  (build 9200)
| Command      : report_high_fanout_nets -timing -max_nets 200 -file E:/Resources/03_competitions/26_03_jcs/2607round/superScalar/fpga/build/digital_twin_srcWithMext/exported_reports/commit_4762e00314f7_100mhz_routed_20260711/high_fanout_nets.rpt
| Design       : top
| Device       : xc7k325t
-------------------------------------------------------------------------------------------------------------------------------------------------------------------------------------------------------------------------------------------------------

High Fan-out Nets Information

1. Summary
----------

+-----------------------------------------------------------------------------------------------------------+--------+-------------+-----------------+-----------------+
| Net Name                                                                                                  | Fanout | Driver Type | Worst Slack(ns) | Worst Delay(ns) |
+-----------------------------------------------------------------------------------------------------------+--------+-------------+-----------------+-----------------+
| student_top_inst/cpu_rst_sync                                                                             |   8674 | FDPE        |           1.716 |           2.990 |
| student_top_inst/Core_cpu/u_core/u_backend/u_int_iq/u_queue/next_valid1778_out                            |   1272 | LUT6        |          -2.319 |           4.389 |
| student_top_inst/Core_cpu/u_core/u_backend/u_int_iq/u_queue/issue_uop_o[1][prd][0]                        |   1170 | LUT6        |          -1.384 |           3.746 |
| student_top_inst/Core_cpu/u_core/u_backend/u_int_iq/u_queue/issue_uop_o[1][prd][1]                        |   1166 | LUT6        |          -1.848 |           4.293 |
| student_top_inst/Core_cpu/u_core/u_backend/complete_rob_idx_reg_n_0_[0][0]                                |   1161 | FDRE        |           2.196 |           3.894 |
| student_top_inst/Core_cpu/u_core/u_pc_gen/pc_o[2]                                                         |   1106 | FDCE        |          -3.488 |           1.889 |
| student_top_inst/Core_cpu/u_core/u_pc_gen/pc_o[3]                                                         |   1070 | FDCE        |          -3.343 |           1.355 |
| student_top_inst/Core_cpu/u_core/bpu_lookup_pc[1][2]                                                      |   1061 | CARRY4      |          -3.350 |           2.306 |
| student_top_inst/Core_cpu/u_core/bpu_lookup_pc[1][3]                                                      |   1060 | CARRY4      |          -3.504 |           2.413 |
| student_top_inst/Core_cpu/u_dcache/data_way1_q_reg_0_63_0_2_i_10_n_0                                      |   1057 | LUT6        |          -3.506 |           1.407 |
| student_top_inst/Core_cpu/u_dcache/data_way1_q_reg_0_63_0_2_i_5_n_0                                       |   1057 | LUT5        |          -3.566 |           1.279 |
| student_top_inst/Core_cpu/u_dcache/data_way1_q_reg_0_63_0_2_i_6_n_0                                       |   1057 | LUT5        |          -3.543 |           1.266 |
| student_top_inst/Core_cpu/u_dcache/data_way1_q_reg_0_63_0_2_i_7_n_0                                       |   1057 | LUT5        |          -3.820 |           1.097 |
| student_top_inst/Core_cpu/u_dcache/data_way1_q_reg_0_63_0_2_i_8_n_0                                       |   1057 | LUT6        |          -3.528 |           1.243 |
| student_top_inst/Core_cpu/u_dcache/data_way1_q_reg_0_63_0_2_i_9_n_0                                       |   1057 | LUT6        |          -3.567 |           1.330 |
| student_top_inst/Core_cpu/u_core/u_backend/u_commit/recover_valid_o                                       |   1014 | LUT5        |          -3.820 |           3.742 |
| student_top_inst/Core_cpu/u_core/u_backend/u_int_iq/u_queue/entry_q[3][uop][exception_cause][31]_i_2_n_0  |   1009 | LUT6        |          -2.404 |           1.766 |
| student_top_inst/Core_cpu/u_core/u_backend/u_int_iq/u_queue/entry_q[3][uop][exception_cause][31]_i_5_n_0  |    989 | LUT5        |          -2.566 |           1.874 |
| student_top_inst/Core_cpu/u_core/u_fetch_buffer/u_fifo/count_q[1]_i_3_n_0                                 |    787 | LUT6        |           3.562 |           4.175 |
| student_top_inst/Core_cpu/u_core/u_backend/u_int_iq/u_queue/issue_uop_o[1][prd][5]                        |    777 | LUT6        |          -1.561 |           4.007 |
| student_top_inst/Core_cpu/u_core/u_fetch_buffer/u_fifo/p_5_out                                            |    776 | LUT2        |          -1.352 |           2.528 |
| student_top_inst/Core_cpu/u_core/u_backend/complete_rob_idx_reg_n_0_[0][1]                                |    775 | FDRE        |          -0.957 |           5.054 |
| student_top_inst/Core_cpu/u_core/u_backend/u_int_iq/u_queue/p_0_in485_in                                  |    772 | LUT2        |          -4.448 |           1.034 |
| student_top_inst/Core_cpu/u_core/u_bpu/update_pc_q_reg[2]_rep_n_0                                         |    768 | FDRE        |           5.641 |           3.963 |
| student_top_inst/Core_cpu/u_core/u_bpu/update_pc_q_reg[3]_rep_n_0                                         |    768 | FDRE        |           6.315 |           3.333 |
| student_top_inst/Core_cpu/u_core/u_bpu/update_pc_q_reg[4]_rep_n_0                                         |    768 | FDRE        |           6.499 |           3.053 |
| student_top_inst/Core_cpu/u_core/u_bpu/update_pc_q_reg[5]_rep_n_0                                         |    768 | FDRE        |           5.866 |           3.655 |
| student_top_inst/Core_cpu/u_core/u_bpu/update_pc_q_reg[6]_rep_n_0                                         |    768 | FDRE        |           6.370 |           3.148 |
| student_top_inst/Core_cpu/u_core/u_bpu/update_pc_q_reg[7]_rep_n_0                                         |    768 | FDRE        |           6.707 |           2.717 |
| student_top_inst/Core_cpu/u_core/u_backend/complete_rob_idx_reg_n_0_[0][3]                                |    748 | FDRE        |           0.493 |           3.818 |
| student_top_inst/Core_cpu/u_core/u_backend/u_execute/prf_we[1]                                            |    738 | LUT6        |          -4.220 |           0.908 |
| student_top_inst/Core_cpu/u_core/u_backend/u_int_iq/u_queue/next_valid1780_out                            |    649 | LUT6        |          -2.965 |           0.795 |
| student_top_inst/Core_cpu/u_core/bpu_lookup_pc[1][4]                                                      |    644 | CARRY4      |          -3.453 |           2.263 |
| student_top_inst/Core_cpu/u_core/u_backend/complete_rob_idx_reg_n_0_[0][4]                                |    627 | FDRE        |           0.953 |           4.017 |
| student_top_inst/Core_cpu/u_core/u_backend/u_int_iq/u_queue/issue_valid_o1620_out                         |    621 | LUT6        |          -3.953 |           2.379 |
| student_top_inst/Core_cpu/u_dcache/data_write_addr[0]                                                     |    591 | LUT6        |          -3.547 |           1.154 |
| student_top_inst/Core_cpu/u_dcache/data_write_addr[1]                                                     |    591 | LUT6        |          -3.575 |           1.139 |
| student_top_inst/Core_cpu/u_dcache/data_write_addr[2]                                                     |    591 | LUT6        |          -3.563 |           1.054 |
| student_top_inst/Core_cpu/u_dcache/data_write_addr[3]                                                     |    591 | LUT6        |          -3.562 |           1.158 |
| student_top_inst/Core_cpu/u_dcache/data_write_addr[4]                                                     |    591 | LUT6        |          -3.348 |           1.028 |
| student_top_inst/Core_cpu/u_dcache/data_write_addr[5]                                                     |    591 | LUT6        |          -3.338 |           0.885 |
| student_top_inst/Core_cpu/u_core/u_bpu/update_global_idx[0]                                               |    587 | LUT2        |          -0.514 |           4.033 |
| student_top_inst/Core_cpu/u_dcache/data_way1_q_reg_0_63_0_2_i_11_n_0                                      |    585 | LUT6        |          -2.914 |           0.921 |
| student_top_inst/Core_cpu/u_dcache/data_way1_q_reg_0_63_0_2_i_12_n_0                                      |    585 | LUT6        |          -3.054 |           0.953 |
| student_top_inst/Core_cpu/u_dcache/data_way1_q_reg_0_63_0_2_i_13_n_0                                      |    585 | LUT6        |          -3.020 |           1.067 |
| student_top_inst/Core_cpu/u_dcache/data_way1_q_reg_0_63_0_2_i_14_n_0                                      |    585 | LUT6        |          -3.168 |           1.116 |
| student_top_inst/Core_cpu/u_dcache/data_way1_q_reg_0_63_0_2_i_15_n_0                                      |    585 | LUT6        |          -3.177 |           1.265 |
| student_top_inst/Core_cpu/u_dcache/data_way1_q_reg_0_63_0_2_i_16_n_0                                      |    585 | LUT6        |          -3.153 |           1.295 |
| student_top_inst/Core_cpu/u_dcache/data_way1_q_reg_0_63_3_5_i_4_n_0                                       |    585 | LUT6        |          -3.171 |           0.860 |
| student_top_inst/Core_cpu/u_dcache/data_way1_q_reg_0_63_3_5_i_5_n_0                                       |    585 | LUT6        |          -3.179 |           0.926 |
| student_top_inst/Core_cpu/u_dcache/data_way1_q_reg_0_63_3_5_i_6_n_0                                       |    585 | LUT6        |          -3.301 |           1.033 |
| student_top_inst/Core_cpu/u_dcache/data_way1_q_reg_0_63_3_5_i_7_n_0                                       |    585 | LUT6        |          -3.362 |           1.129 |
| student_top_inst/Core_cpu/u_dcache/data_way1_q_reg_0_63_3_5_i_8_n_0                                       |    585 | LUT6        |          -3.333 |           1.076 |
| student_top_inst/Core_cpu/u_dcache/data_way1_q_reg_0_63_3_5_i_9_n_0                                       |    585 | LUT6        |          -3.385 |           1.210 |
| student_top_inst/Core_cpu/u_core/u_bpu/update_global_idx[1]                                               |    537 | LUT2        |          -0.402 |           3.844 |
| student_top_inst/Core_cpu/u_core/u_backend/complete_rob_idx_reg_n_0_[0][2]                                |    525 | FDRE        |          -1.777 |           6.065 |
| student_top_inst/Core_cpu/u_core/u_backend/u_int_iq/u_queue/issue_uop_o[0][prs1][4]                       |    512 | LUT6        |          -3.711 |           1.042 |
| student_top_inst/Core_cpu/u_core/u_backend/u_int_iq/u_queue/issue_uop_o[0][prs1][5]                       |    512 | LUT6        |          -3.534 |           0.859 |
| student_top_inst/Core_cpu/u_core/u_backend/u_int_iq/u_queue/issue_uop_o[0][prs2][4]                       |    512 | LUT6        |          -3.995 |           1.172 |
| student_top_inst/Core_cpu/u_core/u_backend/u_int_iq/u_queue/issue_uop_o[0][prs2][5]                       |    512 | LUT6        |          -3.933 |           1.005 |
| student_top_inst/Core_cpu/u_core/u_backend/u_int_iq/u_queue/issue_uop_o[1][prs1][4]                       |    512 | LUT6        |          -4.153 |           1.193 |
| student_top_inst/Core_cpu/u_core/u_backend/u_int_iq/u_queue/issue_uop_o[1][prs1][5]                       |    512 | LUT6        |          -4.082 |           1.256 |
| student_top_inst/Core_cpu/u_core/u_backend/u_int_iq/u_queue/issue_uop_o[1][prs2][4]                       |    512 | LUT6        |          -4.219 |           1.071 |
| student_top_inst/Core_cpu/u_core/u_backend/u_int_iq/u_queue/issue_uop_o[1][prs2][5]                       |    512 | LUT6        |          -4.177 |           0.960 |
| student_top_inst/Core_cpu/u_core/u_backend/u_mem_iq/issue_uop_o[0][prs1][4]                               |    512 | LUT6        |          -4.328 |           1.038 |
| student_top_inst/Core_cpu/u_core/u_backend/u_mem_iq/issue_uop_o[0][prs1][5]                               |    512 | LUT6        |          -4.149 |           0.949 |
| student_top_inst/Core_cpu/u_core/u_backend/u_mem_iq/issue_uop_o[0][prs2][4]                               |    512 | LUT6        |          -4.425 |           0.893 |
| student_top_inst/Core_cpu/u_core/u_backend/u_mem_iq/issue_uop_o[0][prs2][5]                               |    512 | LUT6        |          -4.392 |           0.815 |
| student_top_inst/Core_cpu/u_core/u_backend/u_mul_iq/u_queue/issue_uop_o[0][prs1][4]                       |    512 | LUT2        |          -2.199 |           3.455 |
| student_top_inst/Core_cpu/u_core/u_backend/u_mul_iq/u_queue/issue_uop_o[0][prs1][5]                       |    512 | LUT2        |          -2.178 |           3.365 |
| student_top_inst/Core_cpu/u_core/u_backend/u_mul_iq/u_queue/issue_uop_o[0][prs2][4]                       |    512 | LUT2        |          -1.957 |           3.004 |
| student_top_inst/Core_cpu/u_core/u_backend/u_mul_iq/u_queue/issue_uop_o[0][prs2][5]                       |    512 | LUT2        |          -2.692 |           3.400 |
| student_top_inst/Core_cpu/u_core/u_backend/u_int_iq/u_queue/next_valid1776_out                            |    495 | LUT4        |          -2.256 |           3.650 |
| student_top_inst/Core_cpu/u_core/u_backend/complete_rob_idx[3][4]_i_1_n_0                                 |    480 | LUT2        |          -1.941 |           5.209 |
| student_top_inst/Core_cpu/u_core/u_backend/u_int_iq/u_queue/entry_q[6][uop][csr_addr][11]_i_2_n_0         |    460 | LUT6        |          -2.965 |           1.579 |
| student_top_inst/Core_cpu/u_core/u_backend/complete_valid[0]                                              |    453 | FDCE        |          -3.870 |           6.398 |
| student_top_inst/Core_cpu/u_core/bpu_lookup_pc[1][5]                                                      |    436 | CARRY4      |          -3.463 |           2.557 |
| student_top_inst/Core_cpu/u_core/u_backend/complete_valid[1]                                              |    436 | FDCE        |          -3.958 |           5.564 |
| student_top_inst/Core_cpu/u_core/u_backend/u_int_iq/u_queue/issue_uop_o[1][prd][4]                        |    436 | LUT6        |          -1.969 |           2.684 |
| student_top_inst/Core_cpu/u_core/u_bpu/local_pht_q[351][1]_i_4_n_0                                        |    433 | LUT2        |          -1.444 |           1.962 |
| student_top_inst/Core_cpu/u_core/u_backend/u_int_iq/u_queue/issue_uop_o[1][prd][2]                        |    430 | LUT6        |          -1.865 |           1.862 |
| student_top_inst/Core_cpu/u_core/u_bpu/local_pht_q[351][1]_i_3_n_0                                        |    413 | LUT2        |          -1.752 |           1.949 |
| student_top_inst/Core_cpu/u_core/u_backend/u_int_iq/u_queue/entry_q[5][uop][csr_addr][5]_i_6_n_0          |    410 | LUT4        |          -1.840 |           2.455 |
| student_top_inst/Core_cpu/u_core/u_pc_gen/pc_o[4]                                                         |    397 | FDCE        |          -3.319 |           1.272 |
| student_top_inst/Core_cpu/u_core/u_bpu/update_global_idx[4]                                               |    393 | LUT2        |           1.539 |           3.299 |
| student_top_inst/Core_cpu/u_core/u_bpu/update_global_idx[2]                                               |    390 | LUT2        |           0.111 |           3.016 |
| student_top_inst/Core_cpu/u_core/u_backend/u_int_iq/u_queue/entry_q[6][uop][csr_addr][11]_i_5_n_0         |    381 | LUT2        |          -2.624 |           1.119 |
| student_top_inst/Core_cpu/u_core/u_backend/u_int_iq/u_queue/entry_q[6][uop][csr_addr][11]_i_6_n_0         |    381 | LUT3        |          -2.892 |           1.216 |
| student_top_inst/Core_cpu/u_core/u_backend/complete_rob_idx_reg_n_0_[2][0]                                |    356 | FDRE        |          -0.612 |           3.540 |
| student_top_inst/Core_cpu/u_core/u_backend/u_int_iq/u_queue/entry_q[5][uop][csr_addr][0]_i_1_n_0          |    347 | LUT6        |          -4.374 |           1.009 |
| student_top_inst/Core_cpu/u_core/u_backend/u_int_iq/u_queue/entry_q[0][uop][csr_addr][11]_i_1_n_0         |    346 | LUT4        |          -4.448 |           1.262 |
| student_top_inst/Core_cpu/u_core/u_backend/u_int_iq/u_queue/entry_q[3][uop][csr_addr][11]_i_1_n_0         |    346 | LUT6        |          -4.328 |           1.006 |
| student_top_inst/Core_cpu/u_core/u_backend/u_int_iq/u_queue/entry_q[1][uop][csr_addr][10]_i_1_n_0         |    344 | LUT6        |          -4.109 |           1.007 |
| student_top_inst/Core_cpu/u_core/u_backend/u_int_iq/u_queue/issue_valid_o1616_out                         |    344 | LUT5        |          -4.057 |           1.362 |
| student_top_inst/Core_cpu/u_core/u_backend/u_int_iq/u_queue/entry_q[2][uop][csr_addr][10]_i_1_n_0         |    343 | LUT6        |          -2.455 |           1.425 |
| student_top_inst/Core_cpu/u_core/u_backend/u_int_iq/u_queue/issue_uop_o[1][uop][csr_op][2]_INST_0_i_1_n_0 |    343 | LUT6        |          -3.568 |           2.520 |
| student_top_inst/Core_cpu/u_core/u_backend/u_int_iq/u_queue/issue_valid_o1612_out                         |    343 | LUT4        |          -3.853 |           1.180 |
| student_top_inst/Core_cpu/u_core/u_backend/u_int_iq/u_queue/entry_q[4][uop][csr_addr][10]_i_1_n_0         |    341 | LUT5        |          -1.694 |           2.264 |
| student_top_inst/Core_cpu/u_core/u_backend/u_execute/u_prf/p_4_out                                        |    340 | LUT6        |          -4.220 |           1.124 |
| student_top_inst/Core_cpu/u_core/u_backend/u_int_iq/u_queue/issue_valid_o1608_out                         |    340 | LUT6        |          -3.597 |           1.325 |
| student_top_inst/Core_cpu/u_core/u_backend/u_int_iq/u_queue/issue_valid_o1638_out                         |    340 | LUT4        |          -3.995 |           2.145 |
| student_top_inst/Core_cpu/u_core/u_backend/u_int_iq/u_queue/issue_valid_o1641_out                         |    339 | LUT5        |          -3.933 |           1.659 |
| student_top_inst/Core_cpu/u_core/u_backend/u_int_iq/u_queue/entry_q[6][uop][imm_b][31]_i_12_n_0           |    334 | LUT5        |          -2.144 |           1.765 |
| student_top_inst/Core_cpu/u_core/u_backend/u_int_iq/u_queue/entry_q[6][uop][imm_b][31]_i_14_n_0           |    334 | LUT5        |          -2.240 |           1.892 |
| student_top_inst/Core_cpu/u_core/u_backend/u_int_iq/u_queue/entry_q[6][uop][imm_b][31]_i_1_n_0            |    329 | LUT6        |          -4.119 |           0.928 |
| student_top_inst/Core_cpu/u_core/u_backend/u_int_iq/u_queue/entry_q[0][uop][imm_j][0]_i_5_n_0             |    319 | LUT4        |          -1.344 |           1.265 |
| rst_50m_sync                                                                                              |    314 | FDPE        |          17.636 |           1.587 |
| student_top_inst/Core_cpu/u_core/u_backend/complete_rob_idx_reg_n_0_[2][1]                                |    303 | FDRE        |          -0.405 |           4.087 |
| student_top_inst/Core_cpu/u_core/u_backend/complete_rob_idx_reg_n_0_[2][2]                                |    303 | FDRE        |          -1.792 |           7.031 |
| student_top_inst/Core_cpu/u_core/u_backend/u_int_iq/u_queue/entry_q[2][uop][csr_addr][10]_i_9_n_0         |    299 | LUT4        |          -1.650 |           1.307 |
| student_top_inst/Core_cpu/u_core/bpu_lookup_pc[1][7]                                                      |    294 | CARRY4      |          -2.685 |           2.702 |
| student_top_inst/Core_cpu/u_core/u_backend/u_int_iq/u_queue/entry_q[7][uop][csr_addr][11]_i_1_n_0         |    292 | LUT3        |          -1.529 |           1.266 |
| student_top_inst/Core_cpu/u_core/bpu_lookup_pc[1][6]                                                      |    280 | CARRY4      |          -2.706 |           2.366 |
| student_top_inst/Core_cpu/u_core/u_backend/u_int_iq/u_queue/entry_q[0][uop][csr_addr][2]_i_8_n_0          |    269 | LUT5        |          -2.134 |           2.820 |
| student_top_inst/Core_cpu/u_core/u_backend/u_int_iq/u_queue/entry_q[1][uop][imm_u][7]_i_2_n_0             |    266 | LUT4        |          -2.050 |           1.887 |
| student_top_inst/Core_cpu/u_core/u_backend/u_int_iq/u_queue/issue_uop_o[0][prs1][3]                       |    256 | LUT6        |          -3.505 |           1.368 |
| student_top_inst/Core_cpu/u_core/u_backend/u_int_iq/u_queue/issue_uop_o[0][prs2][3]                       |    256 | LUT6        |          -3.962 |           1.310 |
| student_top_inst/Core_cpu/u_core/u_backend/u_int_iq/u_queue/issue_uop_o[1][prs1][3]                       |    256 | LUT6        |          -4.213 |           1.292 |
| student_top_inst/Core_cpu/u_core/u_backend/u_int_iq/u_queue/issue_uop_o[1][prs2][3]                       |    256 | LUT6        |          -4.220 |           1.004 |
| student_top_inst/Core_cpu/u_core/u_backend/u_mem_iq/issue_uop_o[0][prs1][3]                               |    256 | LUT6        |          -4.217 |           1.066 |
| student_top_inst/Core_cpu/u_core/u_backend/u_mem_iq/issue_uop_o[0][prs2][3]                               |    256 | LUT6        |          -4.394 |           1.016 |
| student_top_inst/Core_cpu/u_core/u_backend/u_mul_iq/u_queue/issue_uop_o[0][prs1][3]                       |    256 | LUT2        |          -2.247 |           2.981 |
| student_top_inst/Core_cpu/u_core/u_backend/u_mul_iq/u_queue/issue_uop_o[0][prs2][3]                       |    256 | LUT2        |          -2.340 |           2.916 |
| student_top_inst/Core_cpu/u_core/u_backend/u_int_iq/u_queue/entry_q[0][uop][csr_addr][11]_i_13_n_0        |    251 | LUT4        |          -2.624 |           2.616 |
| student_top_inst/Core_cpu/u_core/u_backend/u_int_iq/u_queue/entry_q[0][uop][csr_addr][11]_i_17_n_0        |    244 | LUT2        |          -2.716 |           3.494 |
| student_top_inst/Core_cpu/u_core/u_backend/u_int_iq/u_queue/entry_q[1][uop][imm_u][26]_i_7_n_0            |    243 | LUT4        |          -2.662 |           1.678 |
| student_top_inst/Core_cpu/u_core/u_backend/u_int_iq/u_queue/issue_uop_o[1][prd][3]                        |    243 | LUT6        |          -2.178 |           2.537 |
| student_top_inst/Core_cpu/u_core/u_backend/u_int_iq/u_queue/next_valid1772_out                            |    242 | LUT5        |          -2.449 |           3.098 |
| student_top_inst/Core_cpu/u_core/u_backend/u_execute/mem_probe_uop_q                                      |    241 | LUT6        |           1.479 |           0.906 |
| student_top_inst/Core_cpu/u_core/u_backend/u_int_iq/u_queue/next_count[0]                                 |    241 | LUT6        |          -2.709 |           3.266 |
| student_top_inst/Core_cpu/u_core/u_backend/u_rob/retire_valid_o[0]                                        |    241 | LUT6        |          -3.820 |           1.991 |
| student_top_inst/Core_cpu/u_core/u_backend/u_execute/mem_req_addr_q[0][31]_i_1_n_0                        |    236 | LUT5        |           0.466 |           0.883 |
| student_top_inst/Core_cpu/u_core/u_backend/u_execute/mem_req_uop_q                                        |    236 | LUT6        |           0.165 |           1.185 |
| student_top_inst/Core_cpu/u_core/u_fetch_buffer/u_fifo/pop_data_o[0][64]                                  |    229 | MUXF7       |          -1.077 |           7.082 |
| student_top_inst/Core_cpu/u_core/u_pc_gen/pc_o[4]_repN_1                                                  |    224 | FDCE        |          -1.541 |           1.951 |
| student_top_inst/Core_cpu/u_core/u_pc_gen/pc_o[5]_repN                                                    |    224 | FDCE        |          -1.096 |           1.507 |
| student_top_inst/Core_cpu/u_core/u_backend/u_int_iq/u_queue/entry_q[1][uop][csr_addr][9]_i_4_n_0          |    221 | LUT4        |          -2.244 |           1.450 |
| student_top_inst/Core_cpu/u_core/u_backend/u_int_iq/u_queue/entry_q[4][uop][csr_addr][10]_i_8_n_0         |    219 | LUT4        |          -3.979 |           1.119 |
| student_top_inst/Core_cpu/u_core/u_pc_gen/pc_o[5]                                                         |    219 | FDCE        |          -3.151 |           2.258 |
| student_top_inst/Core_cpu/u_dcache/req_index[2]                                                           |    212 | LUT3        |          -3.566 |           0.877 |
| student_top_inst/Core_cpu/u_core/u_backend/u_rename/in_ready_o[0]                                         |    210 | LUT5        |          -3.136 |           1.350 |
| student_top_inst/Core_cpu/u_core/u_backend/u_rob/alloc_idx_o[0][0]                                        |    207 | FDCE        |           4.372 |           3.624 |
| student_top_inst/Core_cpu/u_core/u_fetch_buffer/u_fifo/pop_data_o[1][40]                                  |    207 | MUXF7       |           0.320 |           3.192 |
| student_top_inst/Core_cpu/u_core/u_fetch_buffer/u_fifo/pop_data_o[1][41]                                  |    207 | MUXF7       |           0.702 |           3.231 |
| student_top_inst/Core_cpu/u_core/u_backend/complete_rob_idx_reg_n_0_[1][0]                                |    202 | FDRE        |          -0.497 |           3.903 |
| student_top_inst/Core_cpu/u_core/u_backend/complete_rob_idx_reg_n_0_[1][1]                                |    202 | FDRE        |          -0.873 |           4.311 |
| student_top_inst/Core_cpu/u_core/u_backend/complete_rob_idx_reg_n_0_[1][2]                                |    202 | FDRE        |          -1.013 |           4.666 |
| student_top_inst/Core_cpu/u_core/u_backend/u_int_iq/u_queue/entry_q[4][uop][csr_addr][6]_i_3_n_0          |    202 | LUT4        |          -1.852 |           1.587 |
| student_top_inst/Core_cpu/u_core/u_backend/u_int_iq/u_queue/issue_valid_o1624_out                         |    198 | LUT6        |          -3.735 |           1.370 |
| student_top_inst/Core_cpu/u_core/u_backend/u_int_iq/u_queue/issue_valid_o1647_out                         |    198 | LUT6        |          -3.741 |           1.588 |
| student_top_inst/Core_cpu/u_core/u_backend/u_dispatch/mem_entry_q[0][uop][pc][31]_i_1_n_0                 |    197 | LUT6        |          -1.743 |           0.784 |
| student_top_inst/Core_cpu/u_core/u_backend/u_int_iq/u_queue/entry_q[0][uop][imm_j][0]_i_4_n_0             |    195 | LUT4        |          -1.657 |           0.968 |
| student_top_inst/Core_cpu/u_core/u_fetch_buffer/u_fifo/pop_data_o[1][43]                                  |    194 | MUXF7       |           0.209 |           7.438 |
| student_top_inst/Core_cpu/u_core/u_backend/u_int_iq/u_queue/p_0_in[1]                                     |    193 | LUT3        |          -2.384 |           2.511 |
| student_top_inst/Core_cpu/u_core/u_backend/u_int_iq/u_queue/entry_q[4][uop][csr_addr][10]_i_6_n_0         |    192 | LUT4        |          -2.121 |           1.278 |
| student_top_inst/Core_cpu/u_core/u_bpu/update_pc_q_reg[10]_rep_n_0                                        |    190 | FDRE        |           0.864 |           4.719 |
| student_top_inst/Core_cpu/u_dcache/FSM_sequential_state_q[0]_i_2_n_0                                      |    190 | LUT6        |           3.214 |           2.555 |
| student_top_inst/Core_cpu/u_core/u_backend/u_int_iq/u_queue/entry_q[1][uop][csr_addr][10]_i_18_n_0        |    188 | LUT4        |          -2.792 |           1.644 |
| student_top_inst/Core_cpu/u_core/u_backend/u_int_iq/u_queue/entry_q[2][uop][csr_addr][11]_i_5_n_0         |    188 | LUT4        |          -2.056 |           1.527 |
| student_top_inst/Core_cpu/u_core/u_backend/u_int_iq/u_queue/issue_valid_o[1]_INST_0_i_8_n_0               |    188 | LUT3        |          -4.220 |           2.434 |
| student_top_inst/Core_cpu/u_core/u_backend/u_mem_iq/valid_q[1]_i_3_n_0                                    |    187 | LUT5        |          -2.816 |           1.701 |
| student_top_inst/Core_cpu/u_core/u_backend/u_mem_iq/entry_q169_out                                        |    185 | LUT4        |          -2.816 |           1.298 |
| student_top_inst/Core_cpu/u_dcache/req_index[3]                                                           |    185 | LUT3        |          -3.395 |           0.939 |
| student_top_inst/Core_cpu/u_core/u_backend/u_int_iq/u_queue/entry_q[0][uop][csr_addr][11]_i_14_n_0        |    184 | LUT2        |          -2.466 |           1.626 |
| student_top_inst/Core_cpu/u_core/u_backend/u_rob/alloc_idx_o[0][1]                                        |    184 | FDCE        |           3.720 |           4.082 |
| student_top_inst/Core_cpu/u_core/u_backend/u_int_iq/u_queue/entry_q[3][uop][imm_j][0]_i_4_n_0             |    183 | LUT4        |          -2.017 |           1.321 |
| student_top_inst/Core_cpu/u_core/u_backend/u_mem_iq/entry_q161_out                                        |    183 | LUT4        |          -2.571 |           1.142 |
| student_top_inst/Core_cpu/u_core/u_backend/u_mem_iq/entry_q165_out                                        |    183 | LUT4        |          -2.203 |           1.322 |
| student_top_inst/Core_cpu/u_core/u_backend/u_mem_iq/entry_q[0][prs1][5]_i_1_n_0                           |    183 | LUT4        |          -2.572 |           1.358 |
| student_top_inst/Core_cpu/u_core/u_backend/u_mem_iq/entry_q[4][prs2][5]_i_1_n_0                           |    183 | LUT4        |          -2.481 |           1.308 |
| student_top_inst/Core_cpu/u_core/u_fetch_buffer/u_fifo/pop_data_o[1][42]                                  |    183 | MUXF7       |          -1.604 |           5.407 |
| student_top_inst/Core_cpu/u_core/u_backend/u_mem_iq/issue_slot_o[0]_INST_0_i_2_n_0                        |    181 | LUT2        |          -4.232 |           2.694 |
| student_top_inst/Core_cpu/u_core/u_backend/u_mem_iq/issue_slot_o[1]_INST_0_i_3_n_0                        |    181 | LUT3        |          -4.359 |           1.357 |
| student_top_inst/Core_cpu/u_core/u_backend/u_mem_iq/issue_slot_o[2]_INST_0_i_1_n_0                        |    181 | LUT5        |          -4.348 |           1.104 |
| student_top_inst/Core_cpu/u_core/u_backend/complete_valid[2]                                              |    180 | FDCE        |          -3.910 |           4.741 |
| student_top_inst/Core_cpu/u_core/u_backend/u_dispatch/mem_entry_q142_out                                  |    180 | LUT4        |          -2.022 |           0.663 |
| student_top_inst/Core_cpu/u_core/u_backend/u_dispatch/mem_entry_q145_out                                  |    180 | LUT6        |          -2.016 |           0.688 |
| student_top_inst/Core_cpu/u_core/u_backend/u_dispatch/mem_entry_q148_out                                  |    180 | LUT3        |          -1.757 |           0.815 |
| student_top_inst/Core_cpu/u_core/u_backend/u_int_iq/u_queue/entry_q[0][uop][csr_addr][11]_i_12_n_0        |    180 | LUT5        |          -1.664 |           1.794 |
| student_top_inst/Core_cpu/u_core/u_backend/u_int_iq/u_queue/entry_q[2][uop][csr_addr][10]_i_16_n_0        |    179 | LUT4        |          -1.814 |           1.583 |
| student_top_inst/Core_cpu/u_core/u_backend/u_int_iq/u_queue/entry_q[3][uop][imm_u][11]_i_2_n_0            |    179 | LUT4        |          -2.144 |           1.352 |
| student_top_inst/Core_cpu/u_core/u_backend/u_mem_iq/issue_uop_o[0][uop][is_load]_INST_0_i_28_n_0          |    179 | LUT4        |          -4.101 |           2.272 |
| student_top_inst/Core_cpu/u_core/u_backend/u_int_iq/u_queue/entry_q[1][uop][imm_b][0]_i_4_n_0             |    174 | LUT3        |          -2.384 |           1.835 |
| student_top_inst/Core_cpu/u_core/u_backend/u_rob/head_q_reg[0]_rep__6_n_0                                 |    173 | FDCE        |          -3.820 |           1.615 |
| student_top_inst/Core_cpu/u_core/u_backend/u_int_iq/u_queue/entry_q[0][uop][csr_addr][11]_i_16_n_0        |    172 | LUT3        |          -1.966 |           1.696 |
| student_top_inst/Core_cpu/u_core/u_backend/u_int_iq/u_queue/entry_q[1][uop][csr_addr][10]_i_19_n_0        |    172 | LUT3        |          -1.827 |           1.752 |
| student_top_inst/Core_cpu/u_core/u_backend/u_int_iq/u_queue/entry_q[2][uop][csr_addr][10]_i_17_n_0        |    172 | LUT3        |          -2.293 |           1.811 |
| student_top_inst/Core_cpu/u_core/u_backend/u_int_iq/u_queue/entry_q[2][uop][csr_addr][10]_i_18_n_0        |    172 | LUT2        |          -2.296 |           1.579 |
| student_top_inst/Core_cpu/u_core/u_backend/u_int_iq/u_queue/issue_uop_o[0][uop][imm_b][0]_INST_0_i_5_n_0  |    172 | LUT3        |          -3.420 |           0.745 |
| student_top_inst/Core_cpu/u_core/u_backend/u_int_iq/u_queue/issue_uop_o[0][uop][imm_i][31]_INST_0_i_3_n_0 |    172 | LUT2        |          -2.762 |           1.243 |
| student_top_inst/Core_cpu/u_core/u_backend/u_int_iq/u_queue/issue_uop_o[1][uop][imm_i][31]_INST_0_i_3_n_0 |    172 | LUT2        |          -3.363 |           1.279 |
| student_top_inst/Core_cpu/u_core/u_backend/u_rob/entry_q[31][uop][pred_target][31]_i_3_n_0                |    171 | LUT2        |           0.609 |           1.974 |
| student_top_inst/Core_cpu/u_core/u_pc_gen/pc_o[6]_repN_6                                                  |    171 | FDCE        |          -0.839 |           1.263 |
| student_top_inst/Core_cpu/u_core/u_pc_gen/pc_o[7]_repN_6                                                  |    171 | FDCE        |          -1.071 |           1.443 |
| student_top_inst/Core_cpu/u_core/u_backend/u_int_iq/u_queue/entry_q[3][uop][csr_addr][11]_i_7_n_0         |    170 | LUT4        |          -2.349 |           1.244 |
| student_top_inst/Core_cpu/u_core/u_backend/u_dispatch/mem_entry_q[2][uop][pc][31]_i_4_n_0                 |    168 | LUT5        |          -2.343 |           0.854 |
| student_top_inst/Core_cpu/u_core/u_backend/u_dispatch/mem_entry_q[2][uop][pc][31]_i_5_n_0                 |    168 | LUT4        |          -1.585 |           0.990 |
| student_top_inst/Core_cpu/u_core/u_backend/u_dispatch/mem_entry_q[2][uop][pc][31]_i_3_n_0                 |    167 | LUT6        |          -3.253 |           0.874 |
| student_top_inst/Core_cpu/u_core/u_backend/u_int_iq/u_queue/entry_q[3][uop][imm_u][4]_i_2_n_0             |    167 | LUT4        |          -2.341 |           1.504 |
| student_top_inst/Core_cpu/u_core/u_backend/u_rob/retire_entry_o[0][exception]                             |    167 | LUT6        |          -2.182 |           2.221 |
+-----------------------------------------------------------------------------------------------------------+--------+-------------+-----------------+-----------------+


