Copyright 1986-2022 Xilinx, Inc. All Rights Reserved. Copyright 2022-2023 Advanced Micro Devices, Inc. All Rights Reserved.
-----------------------------------------------------------------------------------------------------------------------------------------------------------------------------------------------------------------------------------------------------------------
| Tool Version : Vivado v.2023.2 (win64) Build 4029153 Fri Oct 13 20:14:34 MDT 2023
| Date         : Sat Jul 11 23:23:30 2026
| Host         : LAPTOP-6CG4KN49 running 64-bit major release  (build 9200)
| Command      : report_utilization -hierarchical -hierarchical_depth 12 -file E:/Resources/03_competitions/26_03_jcs/2607round/superScalar/fpga/build/digital_twin_srcWithMext/exported_reports/commit_c24d8588372f_100mhz_routed_20260711/utilization_hier.rpt
| Design       : top
| Device       : xc7k325tffg900-2
| Speed File   : -2
| Design State : Routed
-----------------------------------------------------------------------------------------------------------------------------------------------------------------------------------------------------------------------------------------------------------------

Utilization Design Information

Table of Contents
-----------------
1. Utilization by Hierarchy

1. Utilization by Hierarchy
---------------------------

+-----------------------------------------------------------------------------------+-------------------------------------------------------+------------+------------+---------+------+-------+--------+--------+------------+
|                                      Instance                                     |                         Module                        | Total LUTs | Logic LUTs | LUTRAMs | SRLs |  FFs  | RAMB36 | RAMB18 | DSP Blocks |
+-----------------------------------------------------------------------------------+-------------------------------------------------------+------------+------------+---------+------+-------+--------+--------+------------+
| top                                                                               |                                                 (top) |      79323 |      77172 |    2150 |    1 | 27586 |     68 |      0 |          4 |
|   (top)                                                                           |                                                 (top) |          1 |          1 |       0 |    0 |   146 |      0 |      0 |          0 |
|   pll_inst                                                                        |                                                   pll |          0 |          0 |       0 |    0 |     0 |      0 |      0 |          0 |
|     inst                                                                          |                                           pll_clk_wiz |          0 |          0 |       0 |    0 |     0 |      0 |      0 |          0 |
|   student_top_inst                                                                |                                           student_top |      79110 |      76959 |    2150 |    1 | 27126 |     68 |      0 |          4 |
|     (student_top_inst)                                                            |                                           student_top |          0 |          0 |       0 |    0 |   148 |      0 |      0 |          0 |
|     Core_cpu                                                                      |                                                 myCPU |      78702 |      76551 |    2150 |    1 | 26681 |      0 |      0 |          4 |
|       (Core_cpu)                                                                  |                                                 myCPU |         63 |         63 |       0 |    0 |   105 |      0 |      0 |          0 |
|       u_core                                                                      |                                                  core |      74208 |      73577 |     630 |    1 | 25618 |      0 |      0 |          4 |
|         (u_core)                                                                  |                                                  core |        214 |        214 |       0 |    0 |     0 |      0 |      0 |          0 |
|         gen_decoder[0].u_decoder                                                  |                                    CoreRv32Decoder__1 |         60 |         60 |       0 |    0 |     0 |      0 |      0 |          0 |
|         gen_decoder[1].u_decoder                                                  |                                       CoreRv32Decoder |         59 |         59 |       0 |    0 |     0 |      0 |      0 |          0 |
|         u_backend                                                                 |                                           CoreBackend |      69055 |      69054 |       0 |    1 | 23190 |      0 |      0 |          4 |
|           (u_backend)                                                             |                                           CoreBackend |       2191 |       2191 |       0 |    0 |  1356 |      0 |      0 |          0 |
|           u_busy                                                                  |                                         CoreBusyTable |       2268 |       2268 |       0 |    0 |    63 |      0 |      0 |          0 |
|           u_commit                                                                |                                        CoreCommitUnit |       1680 |       1680 |       0 |    0 |   482 |      0 |      0 |          0 |
|           u_dispatch                                                              |                                      CoreDispatchUnit |       1213 |       1213 |       0 |    0 |   731 |      0 |      0 |          0 |
|           u_execute                                                               |                                    CoreExecuteCluster |      15233 |      15232 |       0 |    1 |  5143 |      0 |      0 |          4 |
|             (u_execute)                                                           |                                    CoreExecuteCluster |       4549 |       4549 |       0 |    0 |  1381 |      0 |      0 |          0 |
|             u_muldiv                                                              |                                        CoreMulDivPipe |       1535 |       1534 |       0 |    1 |  1746 |      0 |      0 |          4 |
|               (u_muldiv)                                                          |                                        CoreMulDivPipe |        375 |        375 |       0 |    0 |   167 |      0 |      0 |          0 |
|               u_div                                                               |                                                 DIV_0 |       1160 |       1159 |       0 |    1 |  1545 |      0 |      0 |          0 |
|                 U0                                                                |                                 DIV_0_div_gen_v5_1_20 |       1160 |       1159 |       0 |    1 |  1545 |      0 |      0 |          0 |
|                   i_synth                                                         |                             DIV_0_div_gen_v5_1_20_viv |       1160 |       1159 |       0 |    1 |  1545 |      0 |      0 |          0 |
|                     i_has_input_skid.i_2to1                                       |                                  DIV_0_axi_slave_2to1 |         41 |         41 |       0 |    0 |   135 |      0 |      0 |          0 |
|                     i_nd_to_rdy                                                   |                            DIV_0_xbip_pipe_v3_0_7_viv |          1 |          0 |       0 |    1 |     2 |      0 |      0 |          0 |
|                     i_nonzero_fract.i_synth                                       |                                   DIV_0_div_gen_synth |       1118 |       1118 |       0 |    0 |  1408 |      0 |      0 |          0 |
|                       i_algo_r2_or_lutmult.i_nonzero_fract.i_sdivider             |                              DIV_0_bip_sdivider_synth |       1118 |       1118 |       0 |    0 |  1408 |      0 |      0 |          0 |
|                         i_sdivider.divider_blk                                    |                                    DIV_0_dividervdc_v |       1118 |       1118 |       0 |    0 |  1408 |      0 |      0 |          0 |
|               u_mul                                                               |                                                 MUL_0 |          0 |          0 |       0 |    0 |    34 |      0 |      0 |          4 |
|                 U0                                                                |                               MUL_0_mult_gen_v12_0_19 |          0 |          0 |       0 |    0 |    34 |      0 |      0 |          4 |
|                   i_mult                                                          |                           MUL_0_mult_gen_v12_0_19_viv |          0 |          0 |       0 |    0 |    34 |      0 |      0 |          4 |
|                     gDSP.gDSP_only.iDSP                                           |                                             MUL_0_dsp |          0 |          0 |       0 |    0 |    34 |      0 |      0 |          4 |
|                       (gDSP.gDSP_only.iDSP)                                       |                                             MUL_0_dsp |          0 |          0 |       0 |    0 |     0 |      0 |      0 |          4 |
|                       use_prim.appDSP[0].bppDSP[0].need_output_delay.output_delay |                      MUL_0_delay_line__parameterized2 |          0 |          0 |       0 |    0 |    17 |      0 |      0 |          0 |
|                       use_prim.appDSP[1].bppDSP[0].need_output_delay.output_delay |                    MUL_0_delay_line__parameterized2_0 |          0 |          0 |       0 |    0 |    17 |      0 |      0 |          0 |
|             u_prf                                                                 |                                       CorePhysRegFile |       9149 |       9149 |       0 |    0 |  2016 |      0 |      0 |          0 |
|           u_free_list                                                             |                                          CoreFreeList |       3703 |       3703 |       0 |    0 |    63 |      0 |      0 |          0 |
|           u_int_iq                                                                |                                     CoreIntIssueQueue |      15286 |      15286 |       0 |    0 |  3819 |      0 |      0 |          0 |
|             (u_int_iq)                                                            |                                     CoreIntIssueQueue |       1056 |       1056 |       0 |    0 |     0 |      0 |      0 |          0 |
|             u_active_queue                                                        |                                   CoreCompressedQueue |      11624 |      11624 |       0 |    0 |  2636 |      0 |      0 |          0 |
|             u_cold_queue                                                          |                   CoreCompressedQueue__parameterized0 |       2607 |       2607 |       0 |    0 |  1183 |      0 |      0 |          0 |
|           u_mem_iq                                                                |                                     CoreMemIssueQueue |       2129 |       2129 |       0 |    0 |   954 |      0 |      0 |          0 |
|           u_mul_iq                                                                |                                  CoreMulDivIssueQueue |        451 |        451 |       0 |    0 |   143 |      0 |      0 |          0 |
|             u_queue                                                               |                   CoreCompressedQueue__parameterized1 |        451 |        451 |       0 |    0 |   143 |      0 |      0 |          0 |
|           u_rename                                                                |                                        CoreRenameUnit |        963 |        963 |       0 |    0 |   372 |      0 |      0 |          0 |
|           u_rob                                                                   |                                               CoreROB |      20956 |      20956 |       0 |    0 |  9396 |      0 |      0 |          0 |
|           u_store_buffer                                                          |                                       CoreStoreBuffer |       2986 |       2986 |       0 |    0 |   668 |      0 |      0 |          0 |
|         u_bpu                                                                     |                                   CoreBranchPredictor |       3173 |       2543 |     630 |    0 |  1501 |      0 |      0 |          0 |
|         u_fetch                                                                   |                                        CoreIromFetch2 |        120 |        120 |       0 |    0 |   101 |      0 |      0 |          0 |
|         u_fetch_buffer                                                            |                                       CoreFetchBuffer |       1494 |       1494 |       0 |    0 |   794 |      0 |      0 |          0 |
|           (u_fetch_buffer)                                                        |                                       CoreFetchBuffer |          2 |          2 |       0 |    0 |     0 |      0 |      0 |          0 |
|           u_fifo                                                                  |                                     CoreMultiPushFifo |       1492 |       1492 |       0 |    0 |   794 |      0 |      0 |          0 |
|         u_pc_gen                                                                  |                                             CorePcGen |         34 |         34 |       0 |    0 |    32 |      0 |      0 |          0 |
|       u_dcache                                                                    |                                            CoreDCache |       4432 |       2912 |    1520 |    0 |   958 |      0 |      0 |          0 |
|     Mem_IROM                                                                      |                                                IROM_0 |          4 |          4 |       0 |    0 |     2 |      4 |      0 |          0 |
|       U0                                                                          |                             IROM_0_blk_mem_gen_v8_4_7 |          4 |          4 |       0 |    0 |     2 |      4 |      0 |          0 |
|         inst_blk_mem_gen                                                          |                       IROM_0_blk_mem_gen_v8_4_7_synth |          4 |          4 |       0 |    0 |     2 |      4 |      0 |          0 |
|           gnbram.gnativebmg.native_blk_mem_gen                                    |                                IROM_0_blk_mem_gen_top |          4 |          4 |       0 |    0 |     2 |      4 |      0 |          0 |
|             valid.cstr                                                            |                       IROM_0_blk_mem_gen_generic_cstr |          4 |          4 |       0 |    0 |     2 |      4 |      0 |          0 |
|               ramloop[0].ram.r                                                    |                         IROM_0_blk_mem_gen_prim_width |          2 |          2 |       0 |    0 |     2 |      1 |      0 |          0 |
|                 prim_init.ram                                                     |                  IROM_0_blk_mem_gen_prim_wrapper_init |          2 |          2 |       0 |    0 |     2 |      1 |      0 |          0 |
|               ramloop[1].ram.r                                                    |         IROM_0_blk_mem_gen_prim_width__parameterized0 |          2 |          2 |       0 |    0 |     0 |      1 |      0 |          0 |
|                 prim_init.ram                                                     |  IROM_0_blk_mem_gen_prim_wrapper_init__parameterized0 |          2 |          2 |       0 |    0 |     0 |      1 |      0 |          0 |
|               ramloop[2].ram.r                                                    |         IROM_0_blk_mem_gen_prim_width__parameterized1 |          2 |          2 |       0 |    0 |     0 |      1 |      0 |          0 |
|                 prim_init.ram                                                     |  IROM_0_blk_mem_gen_prim_wrapper_init__parameterized1 |          2 |          2 |       0 |    0 |     0 |      1 |      0 |          0 |
|               ramloop[3].ram.r                                                    |         IROM_0_blk_mem_gen_prim_width__parameterized2 |          2 |          2 |       0 |    0 |     0 |      1 |      0 |          0 |
|                 prim_init.ram                                                     |  IROM_0_blk_mem_gen_prim_wrapper_init__parameterized2 |          2 |          2 |       0 |    0 |     0 |      1 |      0 |          0 |
|     mem_bridge                                                                    |                                          SocMemBridge |        404 |        404 |       0 |    0 |   295 |     64 |      0 |          0 |
|       (mem_bridge)                                                                |                                          SocMemBridge |        127 |        127 |       0 |    0 |   162 |      0 |      0 |          0 |
|       counter_inst                                                                |                                               counter |         56 |         56 |       0 |    0 |   114 |      0 |      0 |          0 |
|       dram_adapter                                                                |                                       DramBramAdapter |        193 |        193 |       0 |    0 |    14 |     64 |      0 |          0 |
|         (dram_adapter)                                                            |                                       DramBramAdapter |         49 |         49 |       0 |    0 |     6 |      0 |      0 |          0 |
|         dram                                                                      |                                                DRAM_0 |        144 |        144 |       0 |    0 |     8 |     64 |      0 |          0 |
|           U0                                                                      |                             DRAM_0_blk_mem_gen_v8_4_7 |        144 |        144 |       0 |    0 |     8 |     64 |      0 |          0 |
|             inst_blk_mem_gen                                                      |                       DRAM_0_blk_mem_gen_v8_4_7_synth |        144 |        144 |       0 |    0 |     8 |     64 |      0 |          0 |
|               gnbram.gnativebmg.native_blk_mem_gen                                |                                DRAM_0_blk_mem_gen_top |        144 |        144 |       0 |    0 |     8 |     64 |      0 |          0 |
|                 valid.cstr                                                        |                       DRAM_0_blk_mem_gen_generic_cstr |        144 |        144 |       0 |    0 |     8 |     64 |      0 |          0 |
|                   has_mux_a.A                                                     |                                DRAM_0_blk_mem_gen_mux |        128 |        128 |       0 |    0 |     8 |      0 |      0 |          0 |
|                   ramloop[0].ram.r                                                |                         DRAM_0_blk_mem_gen_prim_width |          0 |          0 |       0 |    0 |     0 |      1 |      0 |          0 |
|                     prim_init.ram                                                 |                  DRAM_0_blk_mem_gen_prim_wrapper_init |          0 |          0 |       0 |    0 |     0 |      1 |      0 |          0 |
|                   ramloop[10].ram.r                                               |         DRAM_0_blk_mem_gen_prim_width__parameterized9 |          0 |          0 |       0 |    0 |     0 |      1 |      0 |          0 |
|                     prim_init.ram                                                 |  DRAM_0_blk_mem_gen_prim_wrapper_init__parameterized9 |          0 |          0 |       0 |    0 |     0 |      1 |      0 |          0 |
|                   ramloop[11].ram.r                                               |        DRAM_0_blk_mem_gen_prim_width__parameterized10 |          0 |          0 |       0 |    0 |     0 |      1 |      0 |          0 |
|                     prim_init.ram                                                 | DRAM_0_blk_mem_gen_prim_wrapper_init__parameterized10 |          0 |          0 |       0 |    0 |     0 |      1 |      0 |          0 |
|                   ramloop[12].ram.r                                               |        DRAM_0_blk_mem_gen_prim_width__parameterized11 |          0 |          0 |       0 |    0 |     0 |      1 |      0 |          0 |
|                     prim_init.ram                                                 | DRAM_0_blk_mem_gen_prim_wrapper_init__parameterized11 |          0 |          0 |       0 |    0 |     0 |      1 |      0 |          0 |
|                   ramloop[13].ram.r                                               |        DRAM_0_blk_mem_gen_prim_width__parameterized12 |          0 |          0 |       0 |    0 |     0 |      1 |      0 |          0 |
|                     prim_init.ram                                                 | DRAM_0_blk_mem_gen_prim_wrapper_init__parameterized12 |          0 |          0 |       0 |    0 |     0 |      1 |      0 |          0 |
|                   ramloop[14].ram.r                                               |        DRAM_0_blk_mem_gen_prim_width__parameterized13 |          0 |          0 |       0 |    0 |     0 |      1 |      0 |          0 |
|                     prim_init.ram                                                 | DRAM_0_blk_mem_gen_prim_wrapper_init__parameterized13 |          0 |          0 |       0 |    0 |     0 |      1 |      0 |          0 |
|                   ramloop[15].ram.r                                               |        DRAM_0_blk_mem_gen_prim_width__parameterized14 |          0 |          0 |       0 |    0 |     0 |      1 |      0 |          0 |
|                     prim_init.ram                                                 | DRAM_0_blk_mem_gen_prim_wrapper_init__parameterized14 |          0 |          0 |       0 |    0 |     0 |      1 |      0 |          0 |
|                   ramloop[16].ram.r                                               |        DRAM_0_blk_mem_gen_prim_width__parameterized15 |          0 |          0 |       0 |    0 |     0 |      1 |      0 |          0 |
|                     prim_init.ram                                                 | DRAM_0_blk_mem_gen_prim_wrapper_init__parameterized15 |          0 |          0 |       0 |    0 |     0 |      1 |      0 |          0 |
|                   ramloop[17].ram.r                                               |        DRAM_0_blk_mem_gen_prim_width__parameterized16 |          0 |          0 |       0 |    0 |     0 |      1 |      0 |          0 |
|                     prim_init.ram                                                 | DRAM_0_blk_mem_gen_prim_wrapper_init__parameterized16 |          0 |          0 |       0 |    0 |     0 |      1 |      0 |          0 |
|                   ramloop[18].ram.r                                               |        DRAM_0_blk_mem_gen_prim_width__parameterized17 |          0 |          0 |       0 |    0 |     0 |      1 |      0 |          0 |
|                     prim_init.ram                                                 | DRAM_0_blk_mem_gen_prim_wrapper_init__parameterized17 |          0 |          0 |       0 |    0 |     0 |      1 |      0 |          0 |
|                   ramloop[19].ram.r                                               |        DRAM_0_blk_mem_gen_prim_width__parameterized18 |          0 |          0 |       0 |    0 |     0 |      1 |      0 |          0 |
|                     prim_init.ram                                                 | DRAM_0_blk_mem_gen_prim_wrapper_init__parameterized18 |          0 |          0 |       0 |    0 |     0 |      1 |      0 |          0 |
|                   ramloop[1].ram.r                                                |         DRAM_0_blk_mem_gen_prim_width__parameterized0 |          0 |          0 |       0 |    0 |     0 |      1 |      0 |          0 |
|                     prim_init.ram                                                 |  DRAM_0_blk_mem_gen_prim_wrapper_init__parameterized0 |          0 |          0 |       0 |    0 |     0 |      1 |      0 |          0 |
|                   ramloop[20].ram.r                                               |        DRAM_0_blk_mem_gen_prim_width__parameterized19 |          0 |          0 |       0 |    0 |     0 |      1 |      0 |          0 |
|                     prim_init.ram                                                 | DRAM_0_blk_mem_gen_prim_wrapper_init__parameterized19 |          0 |          0 |       0 |    0 |     0 |      1 |      0 |          0 |
|                   ramloop[21].ram.r                                               |        DRAM_0_blk_mem_gen_prim_width__parameterized20 |          0 |          0 |       0 |    0 |     0 |      1 |      0 |          0 |
|                     prim_init.ram                                                 | DRAM_0_blk_mem_gen_prim_wrapper_init__parameterized20 |          0 |          0 |       0 |    0 |     0 |      1 |      0 |          0 |
|                   ramloop[22].ram.r                                               |        DRAM_0_blk_mem_gen_prim_width__parameterized21 |          0 |          0 |       0 |    0 |     0 |      1 |      0 |          0 |
|                     prim_init.ram                                                 | DRAM_0_blk_mem_gen_prim_wrapper_init__parameterized21 |          0 |          0 |       0 |    0 |     0 |      1 |      0 |          0 |
|                   ramloop[23].ram.r                                               |        DRAM_0_blk_mem_gen_prim_width__parameterized22 |          0 |          0 |       0 |    0 |     0 |      1 |      0 |          0 |
|                     prim_init.ram                                                 | DRAM_0_blk_mem_gen_prim_wrapper_init__parameterized22 |          0 |          0 |       0 |    0 |     0 |      1 |      0 |          0 |
|                   ramloop[24].ram.r                                               |        DRAM_0_blk_mem_gen_prim_width__parameterized23 |          0 |          0 |       0 |    0 |     0 |      1 |      0 |          0 |
|                     prim_init.ram                                                 | DRAM_0_blk_mem_gen_prim_wrapper_init__parameterized23 |          0 |          0 |       0 |    0 |     0 |      1 |      0 |          0 |
|                   ramloop[25].ram.r                                               |        DRAM_0_blk_mem_gen_prim_width__parameterized24 |          0 |          0 |       0 |    0 |     0 |      1 |      0 |          0 |
|                     prim_init.ram                                                 | DRAM_0_blk_mem_gen_prim_wrapper_init__parameterized24 |          0 |          0 |       0 |    0 |     0 |      1 |      0 |          0 |
|                   ramloop[26].ram.r                                               |        DRAM_0_blk_mem_gen_prim_width__parameterized25 |          0 |          0 |       0 |    0 |     0 |      1 |      0 |          0 |
|                     prim_init.ram                                                 | DRAM_0_blk_mem_gen_prim_wrapper_init__parameterized25 |          0 |          0 |       0 |    0 |     0 |      1 |      0 |          0 |
|                   ramloop[27].ram.r                                               |        DRAM_0_blk_mem_gen_prim_width__parameterized26 |          0 |          0 |       0 |    0 |     0 |      1 |      0 |          0 |
|                     prim_init.ram                                                 | DRAM_0_blk_mem_gen_prim_wrapper_init__parameterized26 |          0 |          0 |       0 |    0 |     0 |      1 |      0 |          0 |
|                   ramloop[28].ram.r                                               |        DRAM_0_blk_mem_gen_prim_width__parameterized27 |          0 |          0 |       0 |    0 |     0 |      1 |      0 |          0 |
|                     prim_init.ram                                                 | DRAM_0_blk_mem_gen_prim_wrapper_init__parameterized27 |          0 |          0 |       0 |    0 |     0 |      1 |      0 |          0 |
|                   ramloop[29].ram.r                                               |        DRAM_0_blk_mem_gen_prim_width__parameterized28 |          0 |          0 |       0 |    0 |     0 |      1 |      0 |          0 |
|                     prim_init.ram                                                 | DRAM_0_blk_mem_gen_prim_wrapper_init__parameterized28 |          0 |          0 |       0 |    0 |     0 |      1 |      0 |          0 |
|                   ramloop[2].ram.r                                                |         DRAM_0_blk_mem_gen_prim_width__parameterized1 |          0 |          0 |       0 |    0 |     0 |      1 |      0 |          0 |
|                     prim_init.ram                                                 |  DRAM_0_blk_mem_gen_prim_wrapper_init__parameterized1 |          0 |          0 |       0 |    0 |     0 |      1 |      0 |          0 |
|                   ramloop[30].ram.r                                               |        DRAM_0_blk_mem_gen_prim_width__parameterized29 |          0 |          0 |       0 |    0 |     0 |      1 |      0 |          0 |
|                     prim_init.ram                                                 | DRAM_0_blk_mem_gen_prim_wrapper_init__parameterized29 |          0 |          0 |       0 |    0 |     0 |      1 |      0 |          0 |
|                   ramloop[31].ram.r                                               |        DRAM_0_blk_mem_gen_prim_width__parameterized30 |          0 |          0 |       0 |    0 |     0 |      1 |      0 |          0 |
|                     prim_init.ram                                                 | DRAM_0_blk_mem_gen_prim_wrapper_init__parameterized30 |          0 |          0 |       0 |    0 |     0 |      1 |      0 |          0 |
|                   ramloop[32].ram.r                                               |        DRAM_0_blk_mem_gen_prim_width__parameterized31 |          0 |          0 |       0 |    0 |     0 |      1 |      0 |          0 |
|                     prim_init.ram                                                 | DRAM_0_blk_mem_gen_prim_wrapper_init__parameterized31 |          0 |          0 |       0 |    0 |     0 |      1 |      0 |          0 |
|                   ramloop[33].ram.r                                               |        DRAM_0_blk_mem_gen_prim_width__parameterized32 |          0 |          0 |       0 |    0 |     0 |      1 |      0 |          0 |
|                     prim_init.ram                                                 | DRAM_0_blk_mem_gen_prim_wrapper_init__parameterized32 |          0 |          0 |       0 |    0 |     0 |      1 |      0 |          0 |
|                   ramloop[34].ram.r                                               |        DRAM_0_blk_mem_gen_prim_width__parameterized33 |          0 |          0 |       0 |    0 |     0 |      1 |      0 |          0 |
|                     prim_init.ram                                                 | DRAM_0_blk_mem_gen_prim_wrapper_init__parameterized33 |          0 |          0 |       0 |    0 |     0 |      1 |      0 |          0 |
|                   ramloop[35].ram.r                                               |        DRAM_0_blk_mem_gen_prim_width__parameterized34 |          0 |          0 |       0 |    0 |     0 |      1 |      0 |          0 |
|                     prim_init.ram                                                 | DRAM_0_blk_mem_gen_prim_wrapper_init__parameterized34 |          0 |          0 |       0 |    0 |     0 |      1 |      0 |          0 |
|                   ramloop[36].ram.r                                               |        DRAM_0_blk_mem_gen_prim_width__parameterized35 |          0 |          0 |       0 |    0 |     0 |      1 |      0 |          0 |
|                     prim_init.ram                                                 | DRAM_0_blk_mem_gen_prim_wrapper_init__parameterized35 |          0 |          0 |       0 |    0 |     0 |      1 |      0 |          0 |
|                   ramloop[37].ram.r                                               |        DRAM_0_blk_mem_gen_prim_width__parameterized36 |          0 |          0 |       0 |    0 |     0 |      1 |      0 |          0 |
|                     prim_init.ram                                                 | DRAM_0_blk_mem_gen_prim_wrapper_init__parameterized36 |          0 |          0 |       0 |    0 |     0 |      1 |      0 |          0 |
|                   ramloop[38].ram.r                                               |        DRAM_0_blk_mem_gen_prim_width__parameterized37 |          0 |          0 |       0 |    0 |     0 |      1 |      0 |          0 |
|                     prim_init.ram                                                 | DRAM_0_blk_mem_gen_prim_wrapper_init__parameterized37 |          0 |          0 |       0 |    0 |     0 |      1 |      0 |          0 |
|                   ramloop[39].ram.r                                               |        DRAM_0_blk_mem_gen_prim_width__parameterized38 |          0 |          0 |       0 |    0 |     0 |      1 |      0 |          0 |
|                     prim_init.ram                                                 | DRAM_0_blk_mem_gen_prim_wrapper_init__parameterized38 |          0 |          0 |       0 |    0 |     0 |      1 |      0 |          0 |
|                   ramloop[3].ram.r                                                |         DRAM_0_blk_mem_gen_prim_width__parameterized2 |          0 |          0 |       0 |    0 |     0 |      1 |      0 |          0 |
|                     prim_init.ram                                                 |  DRAM_0_blk_mem_gen_prim_wrapper_init__parameterized2 |          0 |          0 |       0 |    0 |     0 |      1 |      0 |          0 |
|                   ramloop[40].ram.r                                               |        DRAM_0_blk_mem_gen_prim_width__parameterized39 |          0 |          0 |       0 |    0 |     0 |      1 |      0 |          0 |
|                     prim_init.ram                                                 | DRAM_0_blk_mem_gen_prim_wrapper_init__parameterized39 |          0 |          0 |       0 |    0 |     0 |      1 |      0 |          0 |
|                   ramloop[41].ram.r                                               |        DRAM_0_blk_mem_gen_prim_width__parameterized40 |          0 |          0 |       0 |    0 |     0 |      1 |      0 |          0 |
|                     prim_init.ram                                                 | DRAM_0_blk_mem_gen_prim_wrapper_init__parameterized40 |          0 |          0 |       0 |    0 |     0 |      1 |      0 |          0 |
|                   ramloop[42].ram.r                                               |        DRAM_0_blk_mem_gen_prim_width__parameterized41 |          0 |          0 |       0 |    0 |     0 |      1 |      0 |          0 |
|                     prim_init.ram                                                 | DRAM_0_blk_mem_gen_prim_wrapper_init__parameterized41 |          0 |          0 |       0 |    0 |     0 |      1 |      0 |          0 |
|                   ramloop[43].ram.r                                               |        DRAM_0_blk_mem_gen_prim_width__parameterized42 |          0 |          0 |       0 |    0 |     0 |      1 |      0 |          0 |
|                     prim_init.ram                                                 | DRAM_0_blk_mem_gen_prim_wrapper_init__parameterized42 |          0 |          0 |       0 |    0 |     0 |      1 |      0 |          0 |
|                   ramloop[44].ram.r                                               |        DRAM_0_blk_mem_gen_prim_width__parameterized43 |          0 |          0 |       0 |    0 |     0 |      1 |      0 |          0 |
|                     prim_init.ram                                                 | DRAM_0_blk_mem_gen_prim_wrapper_init__parameterized43 |          0 |          0 |       0 |    0 |     0 |      1 |      0 |          0 |
|                   ramloop[45].ram.r                                               |        DRAM_0_blk_mem_gen_prim_width__parameterized44 |          0 |          0 |       0 |    0 |     0 |      1 |      0 |          0 |
|                     prim_init.ram                                                 | DRAM_0_blk_mem_gen_prim_wrapper_init__parameterized44 |          0 |          0 |       0 |    0 |     0 |      1 |      0 |          0 |
|                   ramloop[46].ram.r                                               |        DRAM_0_blk_mem_gen_prim_width__parameterized45 |          0 |          0 |       0 |    0 |     0 |      1 |      0 |          0 |
|                     prim_init.ram                                                 | DRAM_0_blk_mem_gen_prim_wrapper_init__parameterized45 |          0 |          0 |       0 |    0 |     0 |      1 |      0 |          0 |
|                   ramloop[47].ram.r                                               |        DRAM_0_blk_mem_gen_prim_width__parameterized46 |          0 |          0 |       0 |    0 |     0 |      1 |      0 |          0 |
|                     prim_init.ram                                                 | DRAM_0_blk_mem_gen_prim_wrapper_init__parameterized46 |          0 |          0 |       0 |    0 |     0 |      1 |      0 |          0 |
|                   ramloop[48].ram.r                                               |        DRAM_0_blk_mem_gen_prim_width__parameterized47 |          1 |          1 |       0 |    0 |     0 |      1 |      0 |          0 |
|                     prim_init.ram                                                 | DRAM_0_blk_mem_gen_prim_wrapper_init__parameterized47 |          1 |          1 |       0 |    0 |     0 |      1 |      0 |          0 |
|                   ramloop[49].ram.r                                               |        DRAM_0_blk_mem_gen_prim_width__parameterized48 |          1 |          1 |       0 |    0 |     0 |      1 |      0 |          0 |
|                     prim_init.ram                                                 | DRAM_0_blk_mem_gen_prim_wrapper_init__parameterized48 |          1 |          1 |       0 |    0 |     0 |      1 |      0 |          0 |
|                   ramloop[4].ram.r                                                |         DRAM_0_blk_mem_gen_prim_width__parameterized3 |          0 |          0 |       0 |    0 |     0 |      1 |      0 |          0 |
|                     prim_init.ram                                                 |  DRAM_0_blk_mem_gen_prim_wrapper_init__parameterized3 |          0 |          0 |       0 |    0 |     0 |      1 |      0 |          0 |
|                   ramloop[50].ram.r                                               |        DRAM_0_blk_mem_gen_prim_width__parameterized49 |          1 |          1 |       0 |    0 |     0 |      1 |      0 |          0 |
|                     prim_init.ram                                                 | DRAM_0_blk_mem_gen_prim_wrapper_init__parameterized49 |          1 |          1 |       0 |    0 |     0 |      1 |      0 |          0 |
|                   ramloop[51].ram.r                                               |        DRAM_0_blk_mem_gen_prim_width__parameterized50 |          1 |          1 |       0 |    0 |     0 |      1 |      0 |          0 |
|                     prim_init.ram                                                 | DRAM_0_blk_mem_gen_prim_wrapper_init__parameterized50 |          1 |          1 |       0 |    0 |     0 |      1 |      0 |          0 |
|                   ramloop[52].ram.r                                               |        DRAM_0_blk_mem_gen_prim_width__parameterized51 |          1 |          1 |       0 |    0 |     0 |      1 |      0 |          0 |
|                     prim_init.ram                                                 | DRAM_0_blk_mem_gen_prim_wrapper_init__parameterized51 |          1 |          1 |       0 |    0 |     0 |      1 |      0 |          0 |
|                   ramloop[53].ram.r                                               |        DRAM_0_blk_mem_gen_prim_width__parameterized52 |          1 |          1 |       0 |    0 |     0 |      1 |      0 |          0 |
|                     prim_init.ram                                                 | DRAM_0_blk_mem_gen_prim_wrapper_init__parameterized52 |          1 |          1 |       0 |    0 |     0 |      1 |      0 |          0 |
|                   ramloop[54].ram.r                                               |        DRAM_0_blk_mem_gen_prim_width__parameterized53 |          1 |          1 |       0 |    0 |     0 |      1 |      0 |          0 |
|                     prim_init.ram                                                 | DRAM_0_blk_mem_gen_prim_wrapper_init__parameterized53 |          1 |          1 |       0 |    0 |     0 |      1 |      0 |          0 |
|                   ramloop[55].ram.r                                               |        DRAM_0_blk_mem_gen_prim_width__parameterized54 |          1 |          1 |       0 |    0 |     0 |      1 |      0 |          0 |
|                     prim_init.ram                                                 | DRAM_0_blk_mem_gen_prim_wrapper_init__parameterized54 |          1 |          1 |       0 |    0 |     0 |      1 |      0 |          0 |
|                   ramloop[56].ram.r                                               |        DRAM_0_blk_mem_gen_prim_width__parameterized55 |          1 |          1 |       0 |    0 |     0 |      1 |      0 |          0 |
|                     prim_init.ram                                                 | DRAM_0_blk_mem_gen_prim_wrapper_init__parameterized55 |          1 |          1 |       0 |    0 |     0 |      1 |      0 |          0 |
|                   ramloop[57].ram.r                                               |        DRAM_0_blk_mem_gen_prim_width__parameterized56 |          1 |          1 |       0 |    0 |     0 |      1 |      0 |          0 |
|                     prim_init.ram                                                 | DRAM_0_blk_mem_gen_prim_wrapper_init__parameterized56 |          1 |          1 |       0 |    0 |     0 |      1 |      0 |          0 |
|                   ramloop[58].ram.r                                               |        DRAM_0_blk_mem_gen_prim_width__parameterized57 |          1 |          1 |       0 |    0 |     0 |      1 |      0 |          0 |
|                     prim_init.ram                                                 | DRAM_0_blk_mem_gen_prim_wrapper_init__parameterized57 |          1 |          1 |       0 |    0 |     0 |      1 |      0 |          0 |
|                   ramloop[59].ram.r                                               |        DRAM_0_blk_mem_gen_prim_width__parameterized58 |          1 |          1 |       0 |    0 |     0 |      1 |      0 |          0 |
|                     prim_init.ram                                                 | DRAM_0_blk_mem_gen_prim_wrapper_init__parameterized58 |          1 |          1 |       0 |    0 |     0 |      1 |      0 |          0 |
|                   ramloop[5].ram.r                                                |         DRAM_0_blk_mem_gen_prim_width__parameterized4 |          0 |          0 |       0 |    0 |     0 |      1 |      0 |          0 |
|                     prim_init.ram                                                 |  DRAM_0_blk_mem_gen_prim_wrapper_init__parameterized4 |          0 |          0 |       0 |    0 |     0 |      1 |      0 |          0 |
|                   ramloop[60].ram.r                                               |        DRAM_0_blk_mem_gen_prim_width__parameterized59 |          1 |          1 |       0 |    0 |     0 |      1 |      0 |          0 |
|                     prim_init.ram                                                 | DRAM_0_blk_mem_gen_prim_wrapper_init__parameterized59 |          1 |          1 |       0 |    0 |     0 |      1 |      0 |          0 |
|                   ramloop[61].ram.r                                               |        DRAM_0_blk_mem_gen_prim_width__parameterized60 |          1 |          1 |       0 |    0 |     0 |      1 |      0 |          0 |
|                     prim_init.ram                                                 | DRAM_0_blk_mem_gen_prim_wrapper_init__parameterized60 |          1 |          1 |       0 |    0 |     0 |      1 |      0 |          0 |
|                   ramloop[62].ram.r                                               |        DRAM_0_blk_mem_gen_prim_width__parameterized61 |          1 |          1 |       0 |    0 |     0 |      1 |      0 |          0 |
|                     prim_init.ram                                                 | DRAM_0_blk_mem_gen_prim_wrapper_init__parameterized61 |          1 |          1 |       0 |    0 |     0 |      1 |      0 |          0 |
|                   ramloop[63].ram.r                                               |        DRAM_0_blk_mem_gen_prim_width__parameterized62 |          1 |          1 |       0 |    0 |     0 |      1 |      0 |          0 |
|                     prim_init.ram                                                 | DRAM_0_blk_mem_gen_prim_wrapper_init__parameterized62 |          1 |          1 |       0 |    0 |     0 |      1 |      0 |          0 |
|                   ramloop[6].ram.r                                                |         DRAM_0_blk_mem_gen_prim_width__parameterized5 |          0 |          0 |       0 |    0 |     0 |      1 |      0 |          0 |
|                     prim_init.ram                                                 |  DRAM_0_blk_mem_gen_prim_wrapper_init__parameterized5 |          0 |          0 |       0 |    0 |     0 |      1 |      0 |          0 |
|                   ramloop[7].ram.r                                                |         DRAM_0_blk_mem_gen_prim_width__parameterized6 |          0 |          0 |       0 |    0 |     0 |      1 |      0 |          0 |
|                     prim_init.ram                                                 |  DRAM_0_blk_mem_gen_prim_wrapper_init__parameterized6 |          0 |          0 |       0 |    0 |     0 |      1 |      0 |          0 |
|                   ramloop[8].ram.r                                                |         DRAM_0_blk_mem_gen_prim_width__parameterized7 |          0 |          0 |       0 |    0 |     0 |      1 |      0 |          0 |
|                     prim_init.ram                                                 |  DRAM_0_blk_mem_gen_prim_wrapper_init__parameterized7 |          0 |          0 |       0 |    0 |     0 |      1 |      0 |          0 |
|                   ramloop[9].ram.r                                                |         DRAM_0_blk_mem_gen_prim_width__parameterized8 |          0 |          0 |       0 |    0 |     0 |      1 |      0 |          0 |
|                     prim_init.ram                                                 |  DRAM_0_blk_mem_gen_prim_wrapper_init__parameterized8 |          0 |          0 |       0 |    0 |     0 |      1 |      0 |          0 |
|       seg_driver                                                                  |                                           display_seg |         28 |         28 |       0 |    0 |     5 |      0 |      0 |          0 |
|         (seg_driver)                                                              |                                           display_seg |         12 |         12 |       0 |    0 |     5 |      0 |      0 |          0 |
|         SEG1                                                                      |                                               seg7__1 |          4 |          4 |       0 |    0 |     0 |      0 |      0 |          0 |
|         SEG2                                                                      |                                               seg7__2 |          4 |          4 |       0 |    0 |     0 |      0 |      0 |          0 |
|         SEG3                                                                      |                                               seg7__3 |          4 |          4 |       0 |    0 |     0 |      0 |      0 |          0 |
|         SEG4                                                                      |                                                  seg7 |          4 |          4 |       0 |    0 |     0 |      0 |      0 |          0 |
|   twin_controller_inst                                                            |                                       twin_controller |        148 |        148 |       0 |    0 |   232 |      0 |      0 |          0 |
|   uart_inst                                                                       |                                                  uart |         65 |         65 |       0 |    0 |    82 |      0 |      0 |          0 |
+-----------------------------------------------------------------------------------+-------------------------------------------------------+------------+------------+---------+------+-------+--------+--------+------------+
* Note: The sum of lower-level cells may be larger than their parent cells total, due to cross-hierarchy LUT combining


