Copyright 1986-2022 Xilinx, Inc. All Rights Reserved. Copyright 2022-2023 Advanced Micro Devices, Inc. All Rights Reserved.
-----------------------------------------------------------------------------------------------------------------------------------------------------------------------------------------------------------------------------
| Tool Version : Vivado v.2023.2 (win64) Build 4029153 Fri Oct 13 20:14:34 MDT 2023
| Date         : Sat Jul 11 23:31:34 2026
| Host         : LAPTOP-6CG4KN49 running 64-bit major release  (build 9200)
| Command      : report_qor_assessment -file E:/Resources/03_competitions/26_03_jcs/2607round/superScalar/fpga/build/digital_twin_srcWithMext/exported_reports/commit_c24d8588372f_100mhz_routed_20260711/qor_assessment.rpt
| Design       : top
| Device       : xc7k325tffg900-2
| Speed File   : -2
| Design State : Routed
-----------------------------------------------------------------------------------------------------------------------------------------------------------------------------------------------------------------------------

Report QoR Assessment

Table of Contents
-----------------
1. Overall Assessment Summary
2. QoR Assessment Details
3. Methodology Check Details
4. ML Strategy Availability

1. Overall Assessment Summary
-----------------------------

+----------------------+---------------------------------------------------------------------------------------------+
| QoR Assessment Score | 2 - Implementation may complete. Timing will not meet                                       |
+----------------------+---------------------------------------------------------------------------------------------+
| Flow Guidance        | Run report_qor_suggestions to generate suggestions that will directly improve REVIEW items. |
+----------------------+---------------------------------------------------------------------------------------------+


2. QoR Assessment Details
-------------------------

+-----------------------------------------------+-----------+------------+------+-----------+-------+--------+
| Name                                          | Threshold | Actual     | Used | Available | Score | Status |
+-----------------------------------------------+-----------+------------+------+-----------+-------+--------+
| Utilization                                   |           |            |      |           |   5.0 |     OK |
| Netlist                                       |           |            |      |           |       |        |
| *  DONT_TOUCH (cells/nets)                    |         0 |          1 |   -  |        -  |       | REVIEW |
| Clocking                                      |           |            |      |           |   5.0 |     OK |
| Congestion                                    |           |            |      |           |   3.0 |        |
|   Number of Level 5 or above regions          |           |            |      |           |       |        |
|     Global                                    |         0 |          2 |   -  |        -  |       | REVIEW |
| Timing                                        |           |            |      |           |   2.0 |        |
|    WNS                                        |     0.000 |     -2.868 |   -  |        -  |       | REVIEW |
|    TNS                                        |     0.000 | -40279.938 |   -  |        -  |       | REVIEW |
|    Combined critical path pre/post slack      |      2.92 |       5.36 |   -  |        -  |       | REVIEW |
|    Number of failing endpoints                |      1500 |   36724.00 |   -  |        -  |       | REVIEW |
|   Number of paths above Max Net/LUT Budgeting |         0 |         64 |   -  |        -  |       | REVIEW |
+-----------------------------------------------+-----------+------------+------+-----------+-------+--------+
* Sub-categories with prefix * do not impact score


3. Methodology Check Details
----------------------------

+----+-------------+-------------+----------------------+
| ID | Description | Criticality | Number of Violations |
+----+-------------+-------------+----------------------+


4. ML Strategy Availability
---------------------------

ML Strategy is not supported for 7-series architectures.

